Component: ARM Compiler 5.06 update 3 (build 300) Tool: armlink [4d35c9]

==============================================================================

Section Cross References

    main.o(i.main) refers to drv_adc.o(i.drv_adc_Init) for drv_adc_Init
    main.o(i.main) refers to bsp.o(i.bsp_Config) for bsp_Config
    main.o(i.main) refers to bsp_timer.o(i.bsp_tim_CreateHardTimer) for bsp_tim_CreateHardTimer
    main.o(i.main) refers to bsp_timer.o(i.bsp_tim_DelayMs) for bsp_tim_DelayMs
    main.o(i.main) refers to main.o(i.test_Led2Test) for test_Led2Test
    main.o(i.test_Led1Test) refers to bsp_led.o(i.bsp_led_Toggle) for bsp_led_Toggle
    main.o(i.test_Led2Test) refers to bsp_led.o(i.bsp_led_Toggle) for bsp_led_Toggle
    startup_skeaz1284.o(STACK) refers (Special) to heapauxi.o(.text) for __use_two_region_memory
    startup_skeaz1284.o(HEAP) refers (Special) to heapauxi.o(.text) for __use_two_region_memory
    startup_skeaz1284.o(RESET) refers (Special) to heapauxi.o(.text) for __use_two_region_memory
    startup_skeaz1284.o(RESET) refers to startup_skeaz1284.o(STACK) for __initial_sp
    startup_skeaz1284.o(RESET) refers to startup_skeaz1284.o(.text) for Reset_Handler
    startup_skeaz1284.o(RESET) refers to bsp_timer.o(i.SysTick_Handler) for SysTick_Handler
    startup_skeaz1284.o(RESET) refers to drv_uart.o(i.UART1_IRQHandler) for UART1_IRQHandler
    startup_skeaz1284.o(RESET) refers to drv_uart.o(i.UART2_IRQHandler) for UART2_IRQHandler
    startup_skeaz1284.o(RESET) refers to drv_adc.o(i.ADC0_IRQHandler) for ADC0_IRQHandler
    startup_skeaz1284.o(RESET) refers to drv_pit.o(i.PIT_CH0_IRQHandler) for PIT_CH0_IRQHandler
    startup_skeaz1284.o(RESET) refers to drv_pit.o(i.PIT_CH1_IRQHandler) for PIT_CH1_IRQHandler
    startup_skeaz1284.o(RESET) refers to drv_kbi.o(i.KBI0_IRQHandler) for KBI0_IRQHandler
    startup_skeaz1284.o(RESET) refers to drv_kbi.o(i.KBI1_IRQHandler) for KBI1_IRQHandler
    startup_skeaz1284.o(.ARM.__at_0x400) refers (Special) to heapauxi.o(.text) for __use_two_region_memory
    startup_skeaz1284.o(.text) refers (Special) to heapauxi.o(.text) for __use_two_region_memory
    startup_skeaz1284.o(.text) refers to system_skeaz1284.o(i.SystemInit) for SystemInit
    startup_skeaz1284.o(.text) refers to __main.o(!!!main) for __main
    startup_skeaz1284.o(.text) refers to startup_skeaz1284.o(HEAP) for Heap_Mem
    startup_skeaz1284.o(.text) refers to startup_skeaz1284.o(STACK) for Stack_Mem
    system_skeaz1284.o(i.SystemCoreClockUpdate) refers to aeabi_sdiv.o(.text) for __aeabi_uidivmod
    system_skeaz1284.o(i.SystemCoreClockUpdate) refers to system_skeaz1284.o(.data) for SystemCoreClock
    system_skeaz1284.o(i.SystemInit) refers to system_skeaz1284.o(.data) for SystemCoreClock
    drv_gpio.o(i.drv_gpio_Init) refers to drv_gpio.o(.constdata) for GPIOX
    drv_gpio.o(i.drv_gpio_PinAFConfig) refers to drv_gpio.o(i.__ARM_common_switch8) for __ARM_common_switch8
    drv_gpio.o(i.drv_gpio_PullCmd) refers to drv_gpio.o(.constdata) for GPIOX
    drv_gpio.o(i.drv_gpio_ReadPin) refers to drv_gpio.o(.constdata) for GPIOX
    drv_gpio.o(i.drv_gpio_TogglePin) refers to drv_gpio.o(.constdata) for GPIOX
    drv_gpio.o(i.drv_gpio_WritePin) refers to drv_gpio.o(.constdata) for GPIOX
    drv_pit.o(i.PIT_CH0_IRQHandler) refers to drv_pit.o(.data) for PIT_Handler
    drv_pit.o(i.PIT_CH1_IRQHandler) refers to drv_pit.o(.data) for PIT_Handler
    drv_pit.o(i.drv_pit_Init) refers to drv_rcc.o(i.drv_rcc_ClockCmd) for drv_rcc_ClockCmd
    drv_pit.o(i.drv_pit_Init) refers to aeabi_sdiv.o(.text) for __aeabi_uidivmod
    drv_pit.o(i.drv_pit_Init) refers to drv_pit.o(i.NVIC_EnableIRQ) for NVIC_EnableIRQ
    drv_pit.o(i.drv_pit_Init) refers to drv_pit.o(i.NVIC_SetPriority) for NVIC_SetPriority
    drv_pit.o(i.drv_pit_Init) refers to system_skeaz1284.o(.data) for SystemBusClock
    drv_pit.o(i.drv_pit_Init) refers to drv_pit.o(.data) for PIT_Handler
    drv_pit.o(i.drv_pit_SetCallback) refers to drv_pit.o(.data) for PIT_Handler
    drv_pit.o(i.drv_pit_Stop) refers to drv_pit.o(i.NVIC_DisableIRQ) for NVIC_DisableIRQ
    drv_uart.o(i.drv_uart_Cmd) refers to drv_rcc.o(i.drv_rcc_ClockCmd) for drv_rcc_ClockCmd
    drv_uart.o(i.drv_uart_Init) refers to drv_rcc.o(i.drv_rcc_ClockCmd) for drv_rcc_ClockCmd
    drv_uart.o(i.drv_uart_Init) refers to drv_uart.o(i.drv_uart_SelectChannle) for drv_uart_SelectChannle
    drv_uart.o(i.drv_uart_Init) refers to aeabi_sdiv.o(.text) for __aeabi_uidivmod
    drv_uart.o(i.drv_uart_Init) refers to system_skeaz1284.o(.data) for SystemBusClock
    drv_adc.o(i.ADC0_IRQHandler) refers to drv_adc.o(.bss) for ADC_Result
    drv_adc.o(i.ADC0_IRQHandler) refers to drv_adc.o(.data) for ADC_Count
    drv_adc.o(i.drv_adc_GetMultiADCResult) refers to drv_adc.o(.bss) for ADC_Result
    drv_adc.o(i.drv_adc_GetMultiADCResult) refers to drv_adc.o(.data) for ADC_Count
    drv_adc.o(i.drv_adc_GetSingleADCResult) refers to drv_adc.o(.bss) for ADC_Order
[...]
    _printf_hex_int_ll_ptr.o(.text) refers (Weak) to _printf_truncate.o(.text) for _printf_truncate_unsigned
    _printf_hex_int_ll_ptr.o(.text) refers to _printf_hex_int_ll_ptr.o(.constdata) for .constdata
    __printf_flags.o(.text) refers to _printf_percent.o(.ARM.Collect$$_printf_percent$$00000000) for _printf_percent
    __printf_flags.o(.text) refers to __printf_flags.o(.constdata) for .constdata
    __printf_ss.o(.text) refers to _printf_percent.o(.ARM.Collect$$_printf_percent$$00000000) for _printf_percent
    __printf_flags_ss.o(.text) refers to _printf_percent.o(.ARM.Collect$$_printf_percent$$00000000) for _printf_percent
    __printf_flags_ss.o(.text) refers to __printf_flags_ss.o(.constdata) for .constdata
    __printf_wp.o(.text) refers to __printf_wp.o(i._is_digit) for _is_digit
    __printf_wp.o(.text) refers to _printf_percent.o(.ARM.Collect$$_printf_percent$$00000000) for _printf_percent
    __printf_flags_wp.o(.text) refers to __printf_wp.o(i._is_digit) for _is_digit
    __printf_flags_wp.o(.text) refers to _printf_percent.o(.ARM.Collect$$_printf_percent$$00000000) for _printf_percent
    __printf_flags_wp.o(.text) refers to __printf_flags_wp.o(.constdata) for .constdata
    __printf_ss_wp.o(.text) refers to __printf_wp.o(i._is_digit) for _is_digit
    __printf_ss_wp.o(.text) refers to _printf_percent.o(.ARM.Collect$$_printf_percent$$00000000) for _printf_percent
    __printf_flags_ss_wp.o(.text) refers to __printf_wp.o(i._is_digit) for _is_digit
    __printf_flags_ss_wp.o(.text) refers to _printf_percent.o(.ARM.Collect$$_printf_percent$$00000000) for _printf_percent
    __printf_flags_ss_wp.o(.text) refers to __printf_flags_ss_wp.o(.constdata) for .constdata
    _printf_c.o(.ARM.Collect$$_printf_percent$$00000013) refers (Weak) to _printf_char.o(.text) for _printf_char
    _printf_s.o(.ARM.Collect$$_printf_percent$$00000014) refers (Weak) to _printf_char.o(.text) for _printf_string
    _printf_n.o(.ARM.Collect$$_printf_percent$$00000001) refers (Weak) to _printf_charcount.o(.text) for _printf_charcount
    _printf_x.o(.ARM.Collect$$_printf_percent$$0000000C) refers (Weak) to _printf_hex_int_ll_ptr.o(.text) for _printf_int_hex
    _printf_p.o(.ARM.Collect$$_printf_percent$$00000002) refers (Weak) to _printf_hex_int_ll_ptr.o(.text) for _printf_hex_ptr
    _printf_o.o(.ARM.Collect$$_printf_percent$$0000000B) refers (Weak) to _printf_oct_int_ll.o(.text) for _printf_int_oct
    _printf_i.o(.ARM.Collect$$_printf_percent$$00000008) refers (Weak) to _printf_dec.o(.text) for _printf_int_dec
    _printf_d.o(.ARM.Collect$$_printf_percent$$00000009) refers (Weak) to _printf_dec.o(.text) for _printf_int_dec
    _printf_u.o(.ARM.Collect$$_printf_percent$$0000000A) refers (Weak) to _printf_dec.o(.text) for _printf_int_dec
    _printf_f.o(.ARM.Collect$$_printf_percent$$00000003) refers (Weak) to printf1.o(x$fpl$printf1) for _printf_fp_dec
    _printf_e.o(.ARM.Collect$$_printf_percent$$00000004) refers (Weak) to printf1.o(x$fpl$printf1) for _printf_fp_dec
    _printf_g.o(.ARM.Collect$$_printf_percent$$00000005) refers (Weak) to printf1.o(x$fpl$printf1) for _printf_fp_dec
    _printf_percent.o(.ARM.Collect$$_printf_percent$$00000000) refers (Special) to _printf_percent_end.o(.ARM.Collect$$_printf_percent$$00000017) for _printf_percent_end
    _printf_lli.o(.ARM.Collect$$_printf_percent$$0000000D) refers (Special) to _printf_ll.o(.ARM.Collect$$_printf_percent$$00000007) for _printf_ll
    _printf_lli.o(.ARM.Collect$$_printf_percent$$0000000D) refers (Weak) to _printf_longlong_dec.o(.text) for _printf_longlong_dec
    _printf_lld.o(.ARM.Collect$$_printf_percent$$0000000E) refers (Special) to _printf_ll.o(.ARM.Collect$$_printf_percent$$00000007) for _printf_ll
    _printf_lld.o(.ARM.Collect$$_printf_percent$$0000000E) refers (Weak) to _printf_longlong_dec.o(.text) for _printf_longlong_dec
    _printf_llu.o(.ARM.Collect$$_printf_percent$$0000000F) refers (Special) to _printf_ll.o(.ARM.Collect$$_printf_percent$$00000007) for _printf_ll
    _printf_llu.o(.ARM.Collect$$_printf_percent$$0000000F) refers (Weak) to _printf_longlong_dec.o(.text) for _printf_longlong_dec
    _printf_lc.o(.ARM.Collect$$_printf_percent$$00000015) refers (Special) to _printf_l.o(.ARM.Collect$$_printf_percent$$00000012) for _printf_l
    _printf_lc.o(.ARM.Collect$$_printf_percent$$00000015) refers (Weak) to _printf_wchar.o(.text) for _printf_wchar
    _printf_ls.o(.ARM.Collect$$_printf_percent$$00000016) refers (Special) to _printf_l.o(.ARM.Collect$$_printf_percent$$00000012) for _printf_l
    _printf_ls.o(.ARM.Collect$$_printf_percent$$00000016) refers (Weak) to _printf_wchar.o(.text) for _printf_wstring
    _printf_llo.o(.ARM.Collect$$_printf_percent$$00000010) refers (Special) to _printf_ll.o(.ARM.Collect$$_printf_percent$$00000007) for _printf_ll
    _printf_llo.o(.ARM.Collect$$_printf_percent$$00000010) refers (Weak) to _printf_oct_int_ll.o(.text) for _printf_ll_oct
    _printf_llx.o(.ARM.Collect$$_printf_percent$$00000011) refers (Special) to _printf_ll.o(.ARM.Collect$$_printf_percent$$00000007) for _printf_ll
    _printf_llx.o(.ARM.Collect$$_printf_percent$$00000011) refers (Weak) to _printf_hex_int_ll_ptr.o(.text) for _printf_ll_hex
    fcmpin.o(.text) refers (Special) to usenofp.o(x$fpl$usenofp) for __I$use$fp
    fcmpin.o(.text) refers to cmpret.o(.text) for __fpl_cmpreturn
    fcmpin.o(.text) refers to fnan2.o(.text) for __fpl_fcheck_NaN2
    printf1.o(x$fpl$printf1) refers to _printf_fp_dec.o(.text) for _printf_fp_dec_real
    __rtentry2.o(.ARM.Collect$$rtentry$$00000008) refers to boardinit2.o(.text) for _platform_post_stackheap_init
    __rtentry2.o(.ARM.Collect$$rtentry$$0000000A) refers to libinit.o(.ARM.Collect$$libinit$$00000000) for __rt_lib_init
    __rtentry2.o(.ARM.Collect$$rtentry$$0000000B) refers to boardinit3.o(.text) for _platform_post_lib_init
    __rtentry2.o(.ARM.Collect$$rtentry$$0000000D) refers to main.o(i.main) for main
    __rtentry2.o(.ARM.Collect$$rtentry$$0000000D) refers to exit.o(.text) for exit
    __rtentry2.o(.ARM.exidx) refers to __rtentry2.o(.ARM.Collect$$rtentry$$00000001) for .ARM.Collect$$rtentry$$00000001
    __rtentry2.o(.ARM.exidx) refers to __rtentry2.o(.ARM.Collect$$rtentry$$00000008) for .ARM.Collect$$rtentry$$00000008
    __rtentry2.o(.ARM.exidx) refers to __rtentry2.o(.ARM.Collect$$rtentry$$0000000A) for .ARM.Collect$$rtentry$$0000000A
    __rtentry2.o(.ARM.exidx) refers to __rtentry2.o(.ARM.Collect$$rtentry$$0000000B) for .ARM.Collect$$rtentry$$0000000B
    __rtentry2.o(.ARM.exidx) refers to __rtentry2.o(.ARM.Collect$$rtentry$$0000000D) for .ARM.Collect$$rtentry$$0000000D
    __rtentry4.o(.ARM.Collect$$rtentry$$00000004) refers to sys_stackheap_outer.o(.text) for __user_setup_stackheap
    __rtentry4.o(.ARM.exidx) refers to __rtentry4.o(.ARM.Collect$$rtentry$$00000004) for .ARM.Collect$$rtentry$$00000004
    rt_div0.o(.text) refers to defsig_fpe_outer.o(.text) for __rt_SIGFPE
    _printf_intcommon.o(.text) refers (Weak) to _printf_pad.o(.text) for _printf_pre_padding
    _printf_intcommon.o(.text) refers (Weak) to _printf_pad.o(.text) for _printf_pre_padding
    _printf_intcommon.o(.text) refers (Weak) to _printf_pad.o(.text) for _printf_post_padding
    _printf_fp_dec.o(.text) refers (Special) to usenofp.o(x$fpl$usenofp) for __I$use$fp
    _printf_fp_dec.o(.text) refers (Special) to lc_numeric_c.o(locale$$code) for _get_lc_numeric
    _printf_fp_dec.o(.text) refers to bigflt0.o(.text) for _btod_etento
    _printf_fp_dec.o(.text) refers to btod.o(.text) for _btod_d2e
    _printf_fp_dec.o(.text) refers to lludiv10.o(.text) for _ll_udiv10
    _printf_fp_dec.o(.text) refers to fpclassify.o(i.__ARM_fpclassify) for __ARM_fpclassify
    _printf_fp_dec.o(.text) refers to _printf_fp_infnan.o(.text) for _printf_fp_infnan
    _printf_fp_dec.o(.text) refers to rtudiv10.o(.text) for __rt_udiv10
    _printf_fp_dec.o(.text) refers (Weak) to _printf_pad.o(.text) for _printf_pre_padding
    _printf_fp_dec.o(.text) refers (Weak) to _printf_pad.o(.text) for _printf_pre_padding
    _printf_fp_dec.o(.text) refers to rt_locale_intlibspace.o(.text) for __rt_locale
    _printf_fp_dec.o(.text) refers (Weak) to _printf_pad.o(.text) for _printf_post_padding
    _printf_char.o(.text) refers (Weak) to _printf_str.o(.text) for _printf_str
    _printf_wchar.o(.text) refers (Weak) to _printf_wctomb.o(.text) for _printf_wctomb
    _wcrtomb.o(.text) refers to rt_ctype_table.o(.text) for __rt_ctype_table
    cmpret.o(.text) refers (Special) to usenofp.o(x$fpl$usenofp) for __I$use$fp
    fnan2.o(.text) refers (Special) to usenofp.o(x$fpl$usenofp) for __I$use$fp
    fnan2.o(.text) refers to retnan.o(.text) for __fpl_return_NaN
    sys_stackheap_outer.o(.text) refers to libspace.o(.text) for __user_perproc_libspace
    sys_stackheap_outer.o(.text) refers to startup_skeaz1284.o(.text) for __user_initial_stackheap
    sys_stackheap_outer.o(__vectab_stack_and_reset_area) refers to tempstk.o(.text) for __temporary_stack_top
    sys_stackheap_outer.o(__vectab_stack_and_reset_area) refers to __main.o(!!!main) for __main
    rt_ctype_table.o(.text) refers to rt_locale_intlibspace.o(.text) for __rt_locale
    rt_ctype_table.o(.text) refers to lc_ctype_c.o(locale$$code) for _get_lc_ctype
    rt_locale.o(.text) refers to rt_locale.o(.bss) for __rt_locale_data
    rt_locale_intlibspace.o(.text) refers to libspace.o(.bss) for __libspace_start
    _printf_fp_infnan.o(.text) refers (Weak) to _printf_pad.o(.text) for _printf_pre_padding
    _printf_fp_infnan.o(.text) refers (Weak) to _printf_pad.o(.text) for _printf_post_padding
    bigflt0.o(.text) refers (Special) to usenofp.o(x$fpl$usenofp) for __I$use$fp
    bigflt0.o(.text) refers to aeabi_sdiv.o(.text) for __aeabi_idivmod
    bigflt0.o(.text) refers to btod.o(.text) for _btod_emul
    bigflt0.o(.text) refers to bigflt0.o(.constdata) for .constdata
    bigflt0.o(.constdata) refers (Special) to usenofp.o(x$fpl$usenofp) for __I$use$fp
    btod.o(.text) refers to btod.o(i.__ARM_common_ll_muluu) for __ARM_common_ll_muluu
    lc_numeric_c.o(locale$$data) refers (Special) to libinit2.o(.ARM.Collect$$libinit$$00000016) for __rt_lib_init_lc_numeric_2
    lc_numeric_c.o(locale$$code) refers (Special) to libinit2.o(.ARM.Collect$$libinit$$00000016) for __rt_lib_init_lc_numeric_2
    lc_numeric_c.o(locale$$code) refers to strcmp.o(.text) for strcmp
    lc_numeric_c.o(locale$$code) refers to lc_numeric_c.o(locale$$data) for __lcnum_c_name
    exit.o(.text) refers to rtexit.o(.ARM.Collect$$rtexit$$00000000) for __rt_exit
    defsig_fpe_outer.o(.text) refers to defsig_fpe_inner.o(.text) for __rt_SIGFPE_inner
    defsig_fpe_outer.o(.text) refers to defsig_exit.o(.text) for __sig_exit
    defsig_fpe_formal.o(.text) refers to rt_raise.o(.text) for __rt_raise
    libinit.o(.ARM.Collect$$libinit$$00000000) refers (Special) to libinit2.o(.ARM.Collect$$libinit$$0000002E) for __rt_lib_init_alloca_1
    libinit.o(.ARM.Collect$$libinit$$00000000) refers (Special) to libinit2.o(.ARM.Collect$$libinit$$0000002C) for __rt_lib_init_argv_1
    libinit.o(.ARM.Collect$$libinit$$00000000) refers (Special) to libinit2.o(.ARM.Collect$$libinit$$0000001B) for __rt_lib_init_atexit_1
    libinit.o(.ARM.Collect$$libinit$$00000000) refers (Special) to libinit2.o(.ARM.Collect$$libinit$$00000021) for __rt_lib_init_clock_1
    libinit.o(.ARM.Collect$$libinit$$00000000) refers (Special) to libinit2.o(.ARM.Collect$$libinit$$00000032) for __rt_lib_init_cpp_1
    libinit.o(.ARM.Collect$$libinit$$00000000) refers (Special) to libinit2.o(.ARM.Collect$$libinit$$00000030) for __rt_lib_init_exceptions_1
    libinit.o(.ARM.Collect$$libinit$$00000000) refers (Special) to libinit2.o(.ARM.Collect$$libinit$$00000002) for __rt_lib_init_fp_1
    libinit.o(.ARM.Collect$$libinit$$00000000) refers (Special) to libinit2.o(.ARM.Collect$$libinit$$0000001F) for __rt_lib_init_fp_trap_1
    libinit.o(.ARM.Collect$$libinit$$00000000) refers (Special) to libinit2.o(.ARM.Collect$$libinit$$00000023) for __rt_lib_init_getenv_1
    libinit.o(.ARM.Collect$$libinit$$00000000) refers (Special) to libinit2.o(.ARM.Collect$$libinit$$0000000A) for __rt_lib_init_heap_1
    libinit.o(.ARM.Collect$$libinit$$00000000) refers (Special) to libinit2.o(.ARM.Collect$$libinit$$00000011) for __rt_lib_init_lc_collate_1
    libinit.o(.ARM.Collect$$libinit$$00000000) refers (Special) to libinit2.o(.ARM.Collect$$libinit$$00000013) for __rt_lib_init_lc_ctype_1
    libinit.o(.ARM.Collect$$libinit$$00000000) refers (Special) to libinit2.o(.ARM.Collect$$libinit$$00000015) for __rt_lib_init_lc_monetary_1
    libinit.o(.ARM.Collect$$libinit$$00000000) refers (Special) to libinit2.o(.ARM.Collect$$libinit$$00000017) for __rt_lib_init_lc_numeric_1
    libinit.o(.ARM.Collect$$libinit$$00000000) refers (Special) to libinit2.o(.ARM.Collect$$libinit$$00000019) for __rt_lib_init_lc_time_1
    libinit.o(.ARM.Collect$$libinit$$00000000) refers (Special) to libinit2.o(.ARM.Collect$$libinit$$00000004) for __rt_lib_init_preinit_1
    libinit.o(.ARM.Collect$$libinit$$00000000) refers (Special) to libinit2.o(.ARM.Collect$$libinit$$0000000E) for __rt_lib_init_rand_1
    libinit.o(.ARM.Collect$$libinit$$00000000) refers (Special) to libinit2.o(.ARM.Collect$$libinit$$00000033) for __rt_lib_init_return
    libinit.o(.ARM.Collect$$libinit$$00000000) refers (Special) to libinit2.o(.ARM.Collect$$libinit$$0000001D) for __rt_lib_init_signal_1
    libinit.o(.ARM.Collect$$libinit$$00000000) refers (Special) to libinit2.o(.ARM.Collect$$libinit$$00000025) for __rt_lib_init_stdio_1
    libinit.o(.ARM.Collect$$libinit$$00000000) refers (Special) to libinit2.o(.ARM.Collect$$libinit$$0000000C) for __rt_lib_init_user_alloc_1
    ieee_status.o(.text) refers (Special) to usenofp.o(x$fpl$usenofp) for __I$use$fp
    retnan.o(.text) refers (Special) to usenofp.o(x$fpl$usenofp) for __I$use$fp
    retnan.o(.text) refers to cmpret.o(.text) for __fpl_cmpreturn
    fpclassify.o(i.__ARM_fpclassify) refers (Special) to usenofp.o(x$fpl$usenofp) for __I$use$fp
    libspace.o(.text) refers to libspace.o(.bss) for __libspace_start
    rtexit.o(.ARM.Collect$$rtexit$$00000000) refers (Special) to rtexit2.o(.ARM.Collect$$rtexit$$00000004) for __rt_exit_exit
    rtexit.o(.ARM.Collect$$rtexit$$00000000) refers (Special) to rtexit2.o(.ARM.Collect$$rtexit$$00000003) for __rt_exit_ls
    rtexit.o(.ARM.Collect$$rtexit$$00000000) refers (Special) to rtexit2.o(.ARM.Collect$$rtexit$$00000002) for __rt_exit_prels_1
    rtexit.o(.ARM.exidx) refers (Special) to rtexit2.o(.ARM.Collect$$rtexit$$00000004) for __rt_exit_exit
    rtexit.o(.ARM.exidx) refers (Special) to rtexit2.o(.ARM.Collect$$rtexit$$00000003) for __rt_exit_ls
    rtexit.o(.ARM.exidx) refers (Special) to rtexit2.o(.ARM.Collect$$rtexit$$00000002) for __rt_exit_prels_1
    rtexit.o(.ARM.exidx) refers to rtexit.o(.ARM.Collect$$rtexit$$00000000) for .ARM.Collect$$rtexit$$00000000
    rt_raise.o(.text) refers to __raise.o(.text) for __raise
    rt_raise.o(.text) refers to bsp_uart.o(i._sys_exit) for _sys_exit
    lc_ctype_c.o(locale$$data) refers (Special) to libinit2.o(.ARM.Collect$$libinit$$00000012) for __rt_lib_init_lc_ctype_2
    lc_ctype_c.o(locale$$code) refers (Special) to libinit2.o(.ARM.Collect$$libinit$$00000012) for __rt_lib_init_lc_ctype_2
    lc_ctype_c.o(locale$$code) refers to strcmp.o(.text) for strcmp
    lc_ctype_c.o(locale$$code) refers to lc_ctype_c.o(locale$$data) for __lcctype_c_name
    defsig_exit.o(.text) refers to bsp_uart.o(i._sys_exit) for _sys_exit
    defsig_fpe_inner.o(.text) refers to defsig_general.o(.text) for __default_signal_display
    libinit2.o(.ARM.Collect$$libinit$$0000000F) refers (Weak) to rt_locale_intlibspace.o(.text) for __rt_locale
    libinit2.o(.ARM.Collect$$libinit$$00000010) refers to libinit2.o(.ARM.Collect$$libinit$$0000000F) for .ARM.Collect$$libinit$$0000000F
    libinit2.o(.ARM.Collect$$libinit$$00000012) refers to libinit2.o(.ARM.Collect$$libinit$$0000000F) for .ARM.Collect$$libinit$$0000000F
    libinit2.o(.ARM.Collect$$libinit$$00000012) refers (Weak) to lc_ctype_c.o(locale$$code) for _get_lc_ctype
    libinit2.o(.ARM.Collect$$libinit$$00000014) refers to libinit2.o(.ARM.Collect$$libinit$$0000000F) for .ARM.Collect$$libinit$$0000000F
    libinit2.o(.ARM.Collect$$libinit$$00000016) refers to libinit2.o(.ARM.Collect$$libinit$$0000000F) for .ARM.Collect$$libinit$$0000000F
    libinit2.o(.ARM.Collect$$libinit$$00000016) refers (Weak) to lc_numeric_c.o(locale$$code) for _get_lc_numeric
    libinit2.o(.ARM.Collect$$libinit$$00000018) refers to libinit2.o(.ARM.Collect$$libinit$$0000000F) for .ARM.Collect$$libinit$$0000000F
    libinit2.o(.ARM.Collect$$libinit$$00000026) refers to argv_veneer.o(.text) for __ARM_argv_veneer
    libinit2.o(.ARM.Collect$$libinit$$00000027) refers to argv_veneer.o(.text) for __ARM_argv_veneer
    rtexit2.o(.ARM.Collect$$rtexit$$00000003) refers to libshutdown.o(.ARM.Collect$$libshutdown$$00000000) for __rt_lib_shutdown
    rtexit2.o(.ARM.Collect$$rtexit$$00000004) refers to bsp_uart.o(i._sys_exit) for _sys_exit
    rtexit2.o(.ARM.exidx) refers to rtexit2.o(.ARM.Collect$$rtexit$$00000001) for .ARM.Collect$$rtexit$$00000001
    rtexit2.o(.ARM.exidx) refers to rtexit2.o(.ARM.Collect$$rtexit$$00000003) for .ARM.Collect$$rtexit$$00000003
    rtexit2.o(.ARM.exidx) refers to rtexit2.o(.ARM.Collect$$rtexit$$00000004) for .ARM.Collect$$rtexit$$00000004
    __raise.o(.text) refers to defsig.o(CL$$defsig) for __default_signal_handler
    defsig_general.o(.text) refers to sys_wrch.o(.text) for _ttywrch
    sys_wrch.o(.text) refers (Special) to use_no_semi.o(.text) for __I$use$semihosting
    sys_wrch.o(.text) refers (Special) to indicate_semi.o(.text) for __semihosting_library_function
    defsig.o(CL$$defsig) refers to defsig_fpe_inner.o(.text) for __rt_SIGFPE_inner
    defsig.o(CL$$defsig) refers to defsig_rtmem_inner.o(.text) for __rt_SIGRTMEM_inner
    _get_argv_nomalloc.o(.text) refers (Special) to hrguard.o(.text) for __heap_region$guard
    _get_argv_nomalloc.o(.text) refers to defsig_rtmem_outer.o(.text) for __rt_SIGRTMEM
    _get_argv_nomalloc.o(.text) refers to sys_command.o(.text) for _sys_command_string
    libshutdown.o(.ARM.Collect$$libshutdown$$00000000) refers (Special) to libshutdown2.o(.ARM.Collect$$libshutdown$$00000002) for __rt_lib_shutdown_cpp_1
    libshutdown.o(.ARM.Collect$$libshutdown$$00000000) refers (Special) to libshutdown2.o(.ARM.Collect$$libshutdown$$00000007) for __rt_lib_shutdown_fp_trap_1
    libshutdown.o(.ARM.Collect$$libshutdown$$00000000) refers (Special) to libshutdown2.o(.ARM.Collect$$libshutdown$$0000000F) for __rt_lib_shutdown_heap_1
    libshutdown.o(.ARM.Collect$$libshutdown$$00000000) refers (Special) to libshutdown2.o(.ARM.Collect$$libshutdown$$00000010) for __rt_lib_shutdown_return
    libshutdown.o(.ARM.Collect$$libshutdown$$00000000) refers (Special) to libshutdown2.o(.ARM.Collect$$libshutdown$$0000000A) for __rt_lib_shutdown_signal_1
    libshutdown.o(.ARM.Collect$$libshutdown$$00000000) refers (Special) to libshutdown2.o(.ARM.Collect$$libshutdown$$00000004) for __rt_lib_shutdown_stdio_1
    libshutdown.o(.ARM.Collect$$libshutdown$$00000000) refers (Special) to libshutdown2.o(.ARM.Collect$$libshutdown$$0000000C) for __rt_lib_shutdown_user_alloc_1
    sys_command.o(.text) refers (Special) to use_no_semi.o(.text) for __I$use$semihosting
    sys_command.o(.text) refers (Special) to indicate_semi.o(.text) for __semihosting_library_function
    defsig_abrt_inner.o(.text) refers to defsig_general.o(.text) for __default_signal_display
    defsig_rtred_inner.o(.text) refers to defsig_general.o(.text) for __default_signal_display
    defsig_rtmem_inner.o(.text) refers to defsig_general.o(.text) for __default_signal_display
    defsig_rtmem_outer.o(.text) refers to defsig_rtmem_inner.o(.text) for __rt_SIGRTMEM_inner
    defsig_rtmem_outer.o(.text) refers to defsig_exit.o(.text) for __sig_exit
    defsig_rtmem_formal.o(.text) refers to rt_raise.o(.text) for __rt_raise
    defsig_stak_inner.o(.text) refers to defsig_general.o(.text) for __default_signal_display
    defsig_pvfn_inner.o(.text) refers to defsig_general.o(.text) for __default_signal_display
    defsig_cppl_inner.o(.text) refers to defsig_general.o(.text) for __default_signal_display
    defsig_segv_inner.o(.text) refers to defsig_general.o(.text) for __default_signal_display
    defsig_other.o(.text) refers to defsig_general.o(.text) for __default_signal_display


==============================================================================

Removing Unused input sections from the image.

    Removing main.o(.rev16_text), (4 bytes).
    Removing main.o(.revsh_text), (4 bytes).
    Removing main.o(i.test_Led1Test), (10 bytes).
    Removing main.o(.data), (1 bytes).
    Removing system_skeaz1284.o(.rev16_text), (4 bytes).
    Removing system_skeaz1284.o(.revsh_text), (4 bytes).
    Removing system_skeaz1284.o(i.SystemCoreClockUpdate), (180 bytes).
    Removing drv_gpio.o(.rev16_text), (4 bytes).
    Removing drv_gpio.o(.revsh_text), (4 bytes).
    Removing drv_gpio.o(i.drv_gpio_PinAFConfig), (192 bytes).
    Removing drv_gpio.o(i.drv_gpio_PullCmd), (208 bytes).
    Removing drv_gpio.o(i.drv_gpio_ReadPin), (40 bytes).
    Removing drv_pit.o(.rev16_text), (4 bytes).
    Removing drv_pit.o(.revsh_text), (4 bytes).
    Removing drv_pit.o(i.NVIC_DisableIRQ), (20 bytes).
    Removing drv_pit.o(i.drv_pit_GetCounter), (88 bytes).
    Removing drv_pit.o(i.drv_pit_SetCallback), (32 bytes).
    Removing drv_pit.o(i.drv_pit_Stop), (80 bytes).
    Removing drv_uart.o(.rev16_text), (4 bytes).
    Removing drv_uart.o(.revsh_text), (4 bytes).
    Removing drv_uart.o(i.drv_uart_DeInit), (2 bytes).
    Removing drv_uart.o(i.drv_uart_GetITStatus), (46 bytes).
    Removing drv_uart.o(i.drv_uart_ITConfig), (2 bytes).
    Removing drv_uart.o(i.drv_uart_ReceiveData), (6 bytes).
    Removing drv_uart.o(i.drv_uart_SendData), (4 bytes).
    Removing drv_uart.o(i.drv_uart_StructInit), (24 bytes).
    Removing drv_rcc.o(.rev16_text), (4 bytes).
    Removing drv_rcc.o(.revsh_text), (4 bytes).
    Removing drv_adc.o(.rev16_text), (4 bytes).
    Removing drv_adc.o(.revsh_text), (4 bytes).
    Removing drv_adc.o(i.drv_adc_ConvOnce), (132 bytes).
    Removing drv_adc.o(i.drv_adc_GetMultiADCResult), (40 bytes).
    Removing drv_adc.o(i.drv_adc_GetSingleADCResult), (68 bytes).
    Removing drv_adc.o(i.drv_adc_StartConv), (20 bytes).
    Removing drv_ftm.o(.rev16_text), (4 bytes).
    Removing drv_ftm.o(.revsh_text), (4 bytes).
    Removing drv_ftm.o(i.drv_ftm_BaseInit), (156 bytes).
    Removing drv_ftm.o(i.drv_ftm_OCInit), (100 bytes).
    Removing drv_ftm.o(i.drv_ftm_PWMInit), (412 bytes).
    Removing drv_ftm.o(i.drv_ftm_PWMSetDuty), (84 bytes).
    Removing drv_ftm.o(i.drv_ftm_SetChannel), (2 bytes).
    Removing drv_ftm.o(.constdata), (12 bytes).
    Removing drv_ftm.o(.data), (6 bytes).
    Removing drv_spi.o(.rev16_text), (4 bytes).
    Removing drv_spi.o(.revsh_text), (4 bytes).
    Removing drv_spi.o(i.drv_spi_Cmd), (24 bytes).
    Removing drv_spi.o(i.drv_spi_Init), (276 bytes).
    Removing drv_spi.o(i.drv_spi_ReadWriteByte), (70 bytes).
    Removing drv_spi.o(i.drv_spi_SetChannel), (84 bytes).
    Removing drv_wdog.o(.rev16_text), (4 bytes).
    Removing drv_wdog.o(.revsh_text), (4 bytes).
    Removing drv_wdog.o(i.drv_wdog_Enable), (20 bytes).
    Removing drv_wdog.o(i.drv_wdog_Feed), (28 bytes).
    Removing drv_wdog.o(i.drv_wdog_IRQCmd), (20 bytes).
    Removing drv_wdog.o(i.drv_wdog_SampleInit), (34 bytes).
    Removing drv_wdog.o(i.drv_wdog_StdInit), (28 bytes).
    Removing drv_kbi.o(.rev16_text), (4 bytes).
    Removing drv_kbi.o(.revsh_text), (4 bytes).
    Removing drv_kbi.o(i.NVIC_EnableIRQ), (20 bytes).
    Removing drv_kbi.o(i.NVIC_SetPriority), (120 bytes).
    Removing drv_kbi.o(i.drv_kbi_Init), (500 bytes).
    Removing drv_kbi.o(i.drv_kbi_SetCallback), (68 bytes).
    Removing drv_kbi.o(.constdata), (8 bytes).
    Removing bsp.o(.rev16_text), (4 bytes).
    Removing bsp.o(.revsh_text), (4 bytes).
    Removing bsp.o(.data), (1 bytes).
    Removing bsp_led.o(.rev16_text), (4 bytes).
    Removing bsp_led.o(.revsh_text), (4 bytes).
    Removing bsp_led.o(i.bsp_led_ON), (84 bytes).
    Removing bsp_uart.o(.rev16_text), (4 bytes).
    Removing bsp_uart.o(.revsh_text), (4 bytes).
    Removing bsp_uart.o(i.bsp_uart_ClearRxBuff), (32 bytes).
    Removing bsp_uart.o(i.bsp_uart_ClearTxBuff), (32 bytes).
    Removing bsp_uart.o(i.bsp_uart_GetChar), (70 bytes).
    Removing bsp_uart.o(i.bsp_uart_GetUartNo), (20 bytes).
    Removing bsp_uart.o(i.bsp_uart_IRQHandler), (96 bytes).
    Removing bsp_uart.o(i.bsp_uart_Printf), (50 bytes).
    Removing bsp_uart.o(i.bsp_uart_Put), (40 bytes).
    Removing bsp_uart.o(i.bsp_uart_SendDataToBuff), (110 bytes).
    Removing bsp_uart.o(i.fputc), (24 bytes).
    Removing bsp_uart.o(.data), (4 bytes).
    Removing bsp_timer.o(.rev16_text), (4 bytes).
    Removing bsp_timer.o(.revsh_text), (4 bytes).
    Removing bsp_timer.o(i.bsp_tim_CheckRunTime), (32 bytes).
    Removing bsp_timer.o(i.bsp_tim_CreateSoftTimer), (100 bytes).
    Removing bsp_timer.o(i.bsp_tim_DelayUs), (88 bytes).
    Removing bsp_timer.o(i.bsp_tim_DeleteHardTimer), (56 bytes).
    Removing bsp_timer.o(i.bsp_tim_DeleteSoftTimer), (64 bytes).
    Removing bsp_timer.o(i.bsp_tim_GetRunTime), (12 bytes).
    Removing bsp_timer.o(i.bsp_tim_SetTimerCB), (28 bytes).
    Removing bsp_timer.o(i.bsp_tim_TimerCheck), (56 bytes).
    Removing bsp_key.o(.rev16_text), (4 bytes).
    Removing bsp_key.o(.revsh_text), (4 bytes).
    Removing bsp_key.o(i.IsKeyDownPress), (10 bytes).
    Removing bsp_key.o(i.IsKeyOkPress), (10 bytes).
    Removing bsp_key.o(i.IsKeyUpPress), (10 bytes).
    Removing bsp_key.o(i.bsp_key_ClearFIFO), (16 bytes).
    Removing bsp_key.o(i.bsp_key_Detect), (200 bytes).
    Removing bsp_key.o(i.bsp_key_FIFOInit), (108 bytes).
    Removing bsp_key.o(i.bsp_key_GPIOInit), (44 bytes).
    Removing bsp_key.o(i.bsp_key_GetKey), (48 bytes).
    Removing bsp_key.o(i.bsp_key_GetKeyState), (20 bytes).
    Removing bsp_key.o(i.bsp_key_Init), (12 bytes).
    Removing bsp_key.o(i.bsp_key_PutKeyToFIFO), (44 bytes).
    Removing bsp_key.o(i.bsp_key_Scan), (24 bytes).
    Removing bsp_key.o(.bss), (52 bytes).
    Removing bsp_oled.o(.rev16_text), (4 bytes).
    Removing bsp_oled.o(.revsh_text), (4 bytes).
    Removing bsp_oled.o(i.bsp_oled_DisplayOFF), (28 bytes).
    Removing bsp_oled.o(i.bsp_oled_DisplayON), (28 bytes).
    Removing bsp_oled.o(i.bsp_oled_DrawBMP), (116 bytes).
    Removing bsp_oled.o(i.bsp_oled_SetFontSize), (12 bytes).
    Removing bsp_oled.o(i.bsp_oled_ShowChar), (304 bytes).
    Removing bsp_oled.o(i.bsp_oled_ShowChinese), (116 bytes).
    Removing bsp_oled.o(i.bsp_oled_ShowFloat), (256 bytes).
    Removing bsp_oled.o(i.bsp_oled_ShowInteger), (98 bytes).
    Removing bsp_oled.o(i.bsp_oled_ShowNum), (136 bytes).
    Removing bsp_oled.o(i.bsp_oled_ShowString), (72 bytes).
    Removing bsp_oled.o(i.oled_pow), (26 bytes).
    Removing bsp_oled.o(.constdata), (2168 bytes).
    Removing bsp_oled.o(.data), (3421 bytes).
    Removing bsp_flash.o(.rev16_text), (4 bytes).
    Removing bsp_flash.o(.revsh_text), (4 bytes).
    Removing bsp_flash.o(i.bsp_flash_Config), (80 bytes).
    Removing bsp_flash.o(i.bsp_flash_EraseChip), (48 bytes).
    Removing bsp_flash.o(i.bsp_flash_EraseSector), (80 bytes).
    Removing bsp_flash.o(i.bsp_flash_PowerCmd), (60 bytes).
    Removing bsp_flash.o(i.bsp_flash_Read), (88 bytes).
    Removing bsp_flash.o(i.bsp_flash_ReadID), (84 bytes).
    Removing bsp_flash.o(i.bsp_flash_ReadSR), (48 bytes).
    Removing bsp_flash.o(i.bsp_flash_WaitBusy), (18 bytes).
    Removing bsp_flash.o(i.bsp_flash_Write), (192 bytes).
    Removing bsp_flash.o(i.bsp_flash_WriteCmd), (52 bytes).
    Removing bsp_flash.o(i.bsp_flash_WriteNoCheck), (68 bytes).
    Removing bsp_flash.o(i.bsp_flash_WritePage), (96 bytes).
    Removing bsp_flash.o(i.bsp_flash_WriteSR), (44 bytes).
    Removing bsp_flash.o(.bss), (4096 bytes).
    Removing bsp_flash.o(.data), (2 bytes).
    Removing drv_gpio.o(i.__ARM_common_switch8), (28 bytes).

139 unused section(s) (total 16873 bytes) removed from the image.

==============================================================================

Image Symbol Table

    Local Symbols

    Symbol Name                              Value     Ov Type        Size  Object(Section)

    RESET                                    0x00000000   Section      192  startup_skeaz1284.o(RESET)
    ../clib/angel/boardlib.s                 0x00000000   Number         0  boardinit1.o ABSOLUTE
    ../clib/angel/boardlib.s                 0x00000000   Number         0  boardinit3.o ABSOLUTE
    ../clib/angel/boardlib.s                 0x00000000   Number         0  boardshut.o ABSOLUTE
    ../clib/angel/boardlib.s                 0x00000000   Number         0  boardinit2.o ABSOLUTE
    ../clib/angel/handlers.s                 0x00000000   Number         0  __scatter_copy.o ABSOLUTE
    ../clib/angel/handlers.s                 0x00000000   Number         0  __scatter_zi.o ABSOLUTE
    ../clib/angel/kernel.s                   0x00000000   Number         0  __rtentry4.o ABSOLUTE
    ../clib/angel/kernel.s                   0x00000000   Number         0  rtexit.o ABSOLUTE
    ../clib/angel/kernel.s                   0x00000000   Number         0  rtexit2.o ABSOLUTE
    ../clib/angel/kernel.s                   0x00000000   Number         0  __rtentry.o ABSOLUTE
    ../clib/angel/kernel.s                   0x00000000   Number         0  __rtentry2.o ABSOLUTE
    ../clib/angel/rt.s                       0x00000000   Number         0  rt_div0.o ABSOLUTE
    ../clib/angel/rt.s                       0x00000000   Number         0  rt_ctype_table.o ABSOLUTE
    ../clib/angel/rt.s                       0x00000000   Number         0  rt_locale.o ABSOLUTE
    ../clib/angel/rt.s                       0x00000000   Number         0  rt_raise.o ABSOLUTE
    ../clib/angel/rt.s                       0x00000000   Number         0  rt_locale_intlibspace.o ABSOLUTE
    ../clib/angel/rt.s                       0x00000000   Number         0  aeabi_idiv0.o ABSOLUTE
    ../clib/angel/rt.s                       0x00000000   Number         0  aeabi_idiv0_sigfpe.o ABSOLUTE
    ../clib/angel/scatterp.s                 0x00000000   Number         0  __scatter.o ABSOLUTE
    ../clib/angel/startup.s                  0x00000000   Number         0  __main.o ABSOLUTE
    ../clib/angel/sys.s                      0x00000000   Number         0  indicate_semi.o ABSOLUTE
    ../clib/angel/sys.s                      0x00000000   Number         0  tempstk.o ABSOLUTE
    ../clib/angel/sys.s                      0x00000000   Number         0  use_no_semi.o ABSOLUTE
    ../clib/angel/sys.s                      0x00000000   Number         0  libspace.o ABSOLUTE
    ../clib/angel/sys.s                      0x00000000   Number         0  use_no_semi_2.o ABSOLUTE
    ../clib/angel/sys.s                      0x00000000   Number         0  sys_stackheap_outer.o ABSOLUTE
    ../clib/angel/sysapp.c                   0x00000000   Number         0  sys_wrch.o ABSOLUTE
    ../clib/angel/sysapp.c                   0x00000000   Number         0  sys_command.o ABSOLUTE
    ../clib/armsys.c                         0x00000000   Number         0  argv_veneer.o ABSOLUTE
    ../clib/armsys.c                         0x00000000   Number         0  _get_argv_nomalloc.o ABSOLUTE
    ../clib/armsys.c                         0x00000000   Number         0  no_argv.o ABSOLUTE
    ../clib/bigflt.c                         0x00000000   Number         0  bigflt0.o ABSOLUTE
    ../clib/btod.c                           0x00000000   Number         0  btod.o ABSOLUTE
    ../clib/division.c                       0x00000000   Number         0  lludiv10.o ABSOLUTE
    ../clib/division.c                       0x00000000   Number         0  rtudiv10.o ABSOLUTE
    ../clib/division.s                       0x00000000   Number         0  aeabi_sdiv.o ABSOLUTE
    ../clib/division.s                       0x00000000   Number         0  aeabi_sdiv_div0.o ABSOLUTE
    ../clib/heapalloc.c                      0x00000000   Number         0  hrguard.o ABSOLUTE
    ../clib/heapaux.c                        0x00000000   Number         0  heapauxi.o ABSOLUTE
    ../clib/libinit.s                        0x00000000   Number         0  libinit.o ABSOLUTE
    ../clib/libinit.s                        0x00000000   Number         0  libshutdown2.o ABSOLUTE
    ../clib/libinit.s                        0x00000000   Number         0  libinit2.o ABSOLUTE
    ../clib/libinit.s                        0x00000000   Number         0  libshutdown.o ABSOLUTE
    ../clib/locale.c                         0x00000000   Number         0  _wcrtomb.o ABSOLUTE
    ../clib/locale.s                         0x00000000   Number         0  lc_numeric_c.o ABSOLUTE
    ../clib/locale.s                         0x00000000   Number         0  lc_ctype_c.o ABSOLUTE
    ../clib/misc.s                           0x00000000   Number         0  printf_stubs.o ABSOLUTE
    ../clib/printf.c                         0x00000000   Number         0  _printf_char_common.o ABSOLUTE
    ../clib/printf.c                         0x00000000   Number         0  _sputc.o ABSOLUTE
    ../clib/printf.c                         0x00000000   Number         0  _printf_wctomb.o ABSOLUTE
    ../clib/printf.c                         0x00000000   Number         0  _printf_longlong_dec.o ABSOLUTE
    ../clib/printf.c                         0x00000000   Number         0  _printf_oct_ll.o ABSOLUTE
    ../clib/printf.c                         0x00000000   Number         0  _printf_oct_int.o ABSOLUTE
    ../clib/printf.c                         0x00000000   Number         0  _printf_oct_int_ll.o ABSOLUTE
    ../clib/printf.c                         0x00000000   Number         0  _printf_hex_ll.o ABSOLUTE
    ../clib/printf.c                         0x00000000   Number         0  _printf_hex_int.o ABSOLUTE
    ../clib/printf.c                         0x00000000   Number         0  _printf_hex_int_ll.o ABSOLUTE
    ../clib/printf.c                         0x00000000   Number         0  __printf_flags_ss.o ABSOLUTE
    ../clib/printf.c                         0x00000000   Number         0  __printf_flags_ss_wp.o ABSOLUTE
    ../clib/printf.c                         0x00000000   Number         0  __printf_ss_wp.o ABSOLUTE
    ../clib/printf.c                         0x00000000   Number         0  __printf_flags_wp.o ABSOLUTE
    ../clib/printf.c                         0x00000000   Number         0  __printf_wp.o ABSOLUTE
    ../clib/printf.c                         0x00000000   Number         0  __printf_ss.o ABSOLUTE
    ../clib/printf.c                         0x00000000   Number         0  c89vsprintf.o ABSOLUTE
    ../clib/printf.c                         0x00000000   Number         0  _printf_fp_infnan.o ABSOLUTE
    ../clib/printf.c                         0x00000000   Number         0  __printf_flags.o ABSOLUTE
    ../clib/printf.c                         0x00000000   Number         0  _printf_hex_int_ll_ptr.o ABSOLUTE
    ../clib/printf.c                         0x00000000   Number         0  _printf_hex_ptr.o ABSOLUTE
    ../clib/printf.c                         0x00000000   Number         0  _printf_hex_ll_ptr.o ABSOLUTE
    ../clib/printf.c                         0x00000000   Number         0  _printf_hex_int_ptr.o ABSOLUTE
    ../clib/printf.c                         0x00000000   Number         0  __printf.o ABSOLUTE
    ../clib/printf.c                         0x00000000   Number         0  _printf_pad.o ABSOLUTE
    ../clib/printf.c                         0x00000000   Number         0  _printf_truncate.o ABSOLUTE
    ../clib/printf.c                         0x00000000   Number         0  _printf_str.o ABSOLUTE
    ../clib/printf.c                         0x00000000   Number         0  _printf_dec.o ABSOLUTE
    ../clib/printf.c                         0x00000000   Number         0  _printf_wchar.o ABSOLUTE
    ../clib/printf.c                         0x00000000   Number         0  _printf_char.o ABSOLUTE
    ../clib/printf.c                         0x00000000   Number         0  __printf_nopercent.o ABSOLUTE
    ../clib/printf.c                         0x00000000   Number         0  _printf_fp_dec.o ABSOLUTE
    ../clib/printf.c                         0x00000000   Number         0  _printf_intcommon.o ABSOLUTE
    ../clib/printf.c                         0x00000000   Number         0  _printf_charcount.o ABSOLUTE
    ../clib/printf_percent.s                 0x00000000   Number         0  _printf_ls.o ABSOLUTE
    ../clib/printf_percent.s                 0x00000000   Number         0  _printf_percent_end.o ABSOLUTE
    ../clib/printf_percent.s                 0x00000000   Number         0  _printf_lc.o ABSOLUTE
    ../clib/printf_percent.s                 0x00000000   Number         0  _printf_p.o ABSOLUTE
    ../clib/printf_percent.s                 0x00000000   Number         0  _printf_l.o ABSOLUTE
    ../clib/printf_percent.s                 0x00000000   Number         0  _printf_llx.o ABSOLUTE
    ../clib/printf_percent.s                 0x00000000   Number         0  _printf_llo.o ABSOLUTE
    ../clib/printf_percent.s                 0x00000000   Number         0  _printf_percent.o ABSOLUTE
    ../clib/printf_percent.s                 0x00000000   Number         0  _printf_a.o ABSOLUTE
    ../clib/printf_percent.s                 0x00000000   Number         0  _printf_e.o ABSOLUTE
    ../clib/printf_percent.s                 0x00000000   Number         0  _printf_g.o ABSOLUTE
    ../clib/printf_percent.s                 0x00000000   Number         0  _printf_c.o ABSOLUTE
    ../clib/printf_percent.s                 0x00000000   Number         0  _printf_o.o ABSOLUTE
    ../clib/printf_percent.s                 0x00000000   Number         0  _printf_s.o ABSOLUTE
    ../clib/printf_percent.s                 0x00000000   Number         0  _printf_lli.o ABSOLUTE
    ../clib/printf_percent.s                 0x00000000   Number         0  _printf_f.o ABSOLUTE
    ../clib/printf_percent.s                 0x00000000   Number         0  _printf_u.o ABSOLUTE
    ../clib/printf_percent.s                 0x00000000   Number         0  _printf_lld.o ABSOLUTE
    ../clib/printf_percent.s                 0x00000000   Number         0  _printf_d.o ABSOLUTE
    ../clib/printf_percent.s                 0x00000000   Number         0  _printf_llu.o ABSOLUTE
    ../clib/printf_percent.s                 0x00000000   Number         0  _printf_ll.o ABSOLUTE
    ../clib/printf_percent.s                 0x00000000   Number         0  _printf_i.o ABSOLUTE
    ../clib/printf_percent.s                 0x00000000   Number         0  _printf_n.o ABSOLUTE
    ../clib/printf_percent.s                 0x00000000   Number         0  _printf_x.o ABSOLUTE
    ../clib/signal.c                         0x00000000   Number         0  __raise.o ABSOLUTE
    ../clib/signal.c                         0x00000000   Number         0  defsig_general.o ABSOLUTE
    ../clib/signal.c                         0x00000000   Number         0  defsig_abrt_inner.o ABSOLUTE
    ../clib/signal.c                         0x00000000   Number         0  defsig_fpe_inner.o ABSOLUTE
    ../clib/signal.c                         0x00000000   Number         0  defsig_exit.o ABSOLUTE
    ../clib/signal.c                         0x00000000   Number         0  defsig_rtred_inner.o ABSOLUTE
    ../clib/signal.c                         0x00000000   Number         0  defsig_rtmem_inner.o ABSOLUTE
    ../clib/signal.c                         0x00000000   Number         0  defsig_rtmem_formal.o ABSOLUTE
    ../clib/signal.c                         0x00000000   Number         0  defsig_stak_inner.o ABSOLUTE
    ../clib/signal.c                         0x00000000   Number         0  defsig_pvfn_inner.o ABSOLUTE
    ../clib/signal.c                         0x00000000   Number         0  defsig_cppl_inner.o ABSOLUTE
    ../clib/signal.c                         0x00000000   Number         0  defsig_segv_inner.o ABSOLUTE
    ../clib/signal.c                         0x00000000   Number         0  defsig_other.o ABSOLUTE
    ../clib/signal.c                         0x00000000   Number         0  defsig_fpe_formal.o ABSOLUTE
    ../clib/signal.c                         0x00000000   Number         0  defsig_fpe_outer.o ABSOLUTE
    ../clib/signal.c                         0x00000000   Number         0  defsig_rtmem_outer.o ABSOLUTE
    ../clib/signal.s                         0x00000000   Number         0  defsig.o ABSOLUTE
    ../clib/stdlib.c                         0x00000000   Number         0  exit.o ABSOLUTE
    ../clib/string.c                         0x00000000   Number         0  strcmp.o ABSOLUTE
    ../fplib/cfplib/cmpret.c                 0x00000000   Number         0  cmpret.o ABSOLUTE
    ../fplib/cfplib/fcmpin.c                 0x00000000   Number         0  fcmpin.o ABSOLUTE
    ../fplib/cfplib/ffix.c                   0x00000000   Number         0  ffixi.o ABSOLUTE
    ../fplib/cfplib/fpinit.c                 0x00000000   Number         0  fpinit.o ABSOLUTE
    ../fplib/cfplib/ieee_status.c            0x00000000   Number         0  ieee_status.o ABSOLUTE
    ../fplib/cfplib/nan2.c                   0x00000000   Number         0  fnan2.o ABSOLUTE
    ../fplib/cfplib/retnan.c                 0x00000000   Number         0  retnan.o ABSOLUTE
    ../fplib/fleqf6m.s                       0x00000000   Number         0  flef.o ABSOLUTE
    ../fplib/fmul6m.s                        0x00000000   Number         0  fmul.o ABSOLUTE
    ../fplib/printf1.s                       0x00000000   Number         0  printf1.o ABSOLUTE
    ../fplib/usenofp.s                       0x00000000   Number         0  usenofp.o ABSOLUTE
    ../mathlib/fpclassify.c                  0x00000000   Number         0  fpclassify.o ABSOLUTE
    ..\BSP\src\bsp.c                         0x00000000   Number         0  bsp.o ABSOLUTE
    ..\BSP\src\bsp_flash.c                   0x00000000   Number         0  bsp_flash.o ABSOLUTE
    ..\BSP\src\bsp_key.c                     0x00000000   Number         0  bsp_key.o ABSOLUTE
    ..\BSP\src\bsp_led.c                     0x00000000   Number         0  bsp_led.o ABSOLUTE
    ..\BSP\src\bsp_oled.c                    0x00000000   Number         0  bsp_oled.o ABSOLUTE
    ..\BSP\src\bsp_timer.c                   0x00000000   Number         0  bsp_timer.o ABSOLUTE
    ..\BSP\src\bsp_uart.c                    0x00000000   Number         0  bsp_uart.o ABSOLUTE
    ..\CORE\startup_SKEAZ1284.s              0x00000000   Number         0  startup_skeaz1284.o ABSOLUTE
    ..\CORE\system_SKEAZ1284.c               0x00000000   Number         0  system_skeaz1284.o ABSOLUTE
    ..\DRV\src\drv_acmp.c                    0x00000000   Number         0  drv_acmp.o ABSOLUTE
    ..\DRV\src\drv_adc.c                     0x00000000   Number         0  drv_adc.o ABSOLUTE
    ..\DRV\src\drv_flash.c                   0x00000000   Number         0  drv_flash.o ABSOLUTE
    ..\DRV\src\drv_ftm.c                     0x00000000   Number         0  drv_ftm.o ABSOLUTE
    ..\DRV\src\drv_gpio.c                    0x00000000   Number         0  drv_gpio.o ABSOLUTE
    ..\DRV\src\drv_irq.c                     0x00000000   Number         0  drv_irq.o ABSOLUTE
    ..\DRV\src\drv_kbi.c                     0x00000000   Number         0  drv_kbi.o ABSOLUTE
    ..\DRV\src\drv_pit.c                     0x00000000   Number         0  drv_pit.o ABSOLUTE
    ..\DRV\src\drv_power.c                   0x00000000   Number         0  drv_power.o ABSOLUTE
    ..\DRV\src\drv_pwt.c                     0x00000000   Number         0  drv_pwt.o ABSOLUTE
    ..\DRV\src\drv_rcc.c                     0x00000000   Number         0  drv_rcc.o ABSOLUTE
    ..\DRV\src\drv_rtc.c                     0x00000000   Number         0  drv_rtc.o ABSOLUTE
    ..\DRV\src\drv_spi.c                     0x00000000   Number         0  drv_spi.o ABSOLUTE
    ..\DRV\src\drv_uart.c                    0x00000000   Number         0  drv_uart.o ABSOLUTE
    ..\DRV\src\drv_wdog.c                    0x00000000   Number         0  drv_wdog.o ABSOLUTE
    ..\\BSP\\src\\bsp.c                      0x00000000   Number         0  bsp.o ABSOLUTE
    ..\\BSP\\src\\bsp_flash.c                0x00000000   Number         0  bsp_flash.o ABSOLUTE
    ..\\BSP\\src\\bsp_key.c                  0x00000000   Number         0  bsp_key.o ABSOLUTE
    ..\\BSP\\src\\bsp_led.c                  0x00000000   Number         0  bsp_led.o ABSOLUTE
    ..\\BSP\\src\\bsp_oled.c                 0x00000000   Number         0  bsp_oled.o ABSOLUTE
    ..\\BSP\\src\\bsp_timer.c                0x00000000   Number         0  bsp_timer.o ABSOLUTE
    ..\\BSP\\src\\bsp_uart.c                 0x00000000   Number         0  bsp_uart.o ABSOLUTE
    ..\\CORE\\system_SKEAZ1284.c             0x00000000   Number         0  system_skeaz1284.o ABSOLUTE
    ..\\DRV\\src\\drv_adc.c                  0x00000000   Number         0  drv_adc.o ABSOLUTE
    ..\\DRV\\src\\drv_ftm.c                  0x00000000   Number         0  drv_ftm.o ABSOLUTE
    ..\\DRV\\src\\drv_gpio.c                 0x00000000   Number         0  drv_gpio.o ABSOLUTE
    ..\\DRV\\src\\drv_kbi.c                  0x00000000   Number         0  drv_kbi.o ABSOLUTE
    ..\\DRV\\src\\drv_pit.c                  0x00000000   Number         0  drv_pit.o ABSOLUTE
    ..\\DRV\\src\\drv_rcc.c                  0x00000000   Number         0  drv_rcc.o ABSOLUTE
    ..\\DRV\\src\\drv_spi.c                  0x00000000   Number         0  drv_spi.o ABSOLUTE
    ..\\DRV\\src\\drv_uart.c                 0x00000000   Number         0  drv_uart.o ABSOLUTE
    ..\\DRV\\src\\drv_wdog.c                 0x00000000   Number         0  drv_wdog.o ABSOLUTE
    dc.s                                     0x00000000   Number         0  dc.o ABSOLUTE
    main.c                                   0x00000000   Number         0  main.o ABSOLUTE
    main.c                                   0x00000000   Number         0  main.o ABSOLUTE
    !!!main                                  0x000000c0   Section        8  __main.o(!!!main)
    !!!scatter                               0x000000c8   Section       60  __scatter.o(!!!scatter)
    !!handler_copy                           0x00000104   Section       26  __scatter_copy.o(!!handler_copy)
    !!handler_zi                             0x00000120   Section       28  __scatter_zi.o(!!handler_zi)
    .ARM.Collect$$libinit$$00000000          0x0000013c   Section        2  libinit.o(.ARM.Collect$$libinit$$00000000)
    .ARM.Collect$$libinit$$00000002          0x0000013e   Section        0  libinit2.o(.ARM.Collect$$libinit$$00000002)
    .ARM.Collect$$libinit$$00000004          0x0000013e   Section        0  libinit2.o(.ARM.Collect$$libinit$$00000004)
    .ARM.Collect$$libinit$$0000000A          0x0000013e   Section        0  libinit2.o(.ARM.Collect$$libinit$$0000000A)
    .ARM.Collect$$libinit$$0000000C          0x0000013e   Section        0  libinit2.o(.ARM.Collect$$libinit$$0000000C)
    .ARM.Collect$$libinit$$0000000E          0x0000013e   Section        0  libinit2.o(.ARM.Collect$$libinit$$0000000E)
    .ARM.Collect$$libinit$$00000011          0x0000013e   Section        0  libinit2.o(.ARM.Collect$$libinit$$00000011)
    .ARM.Collect$$libinit$$00000013          0x0000013e   Section        0  libinit2.o(.ARM.Collect$$libinit$$00000013)
    .ARM.Collect$$libinit$$00000015          0x0000013e   Section        0  libinit2.o(.ARM.Collect$$libinit$$00000015)
    .ARM.Collect$$libinit$$00000017          0x0000013e   Section        0  libinit2.o(.ARM.Collect$$libinit$$00000017)
    .ARM.Collect$$libinit$$00000019          0x0000013e   Section        0  libinit2.o(.ARM.Collect$$libinit$$00000019)
    .ARM.Collect$$libinit$$0000001B          0x0000013e   Section        0  libinit2.o(.ARM.Collect$$libinit$$0000001B)
    .ARM.Collect$$libinit$$0000001D          0x0000013e   Section        0  libinit2.o(.ARM.Collect$$libinit$$0000001D)
    .ARM.Collect$$libinit$$0000001F          0x0000013e   Section        0  libinit2.o(.ARM.Collect$$libinit$$0000001F)
    .ARM.Collect$$libinit$$00000021          0x0000013e   Section        0  libinit2.o(.ARM.Collect$$libinit$$00000021)
    .ARM.Collect$$libinit$$00000023          0x0000013e   Section        0  libinit2.o(.ARM.Collect$$libinit$$00000023)
    .ARM.Collect$$libinit$$00000025          0x0000013e   Section        0  libinit2.o(.ARM.Collect$$libinit$$00000025)
    .ARM.Collect$$libinit$$0000002C          0x0000013e   Section        0  libinit2.o(.ARM.Collect$$libinit$$0000002C)
    .ARM.Collect$$libinit$$0000002E          0x0000013e   Section        0  libinit2.o(.ARM.Collect$$libinit$$0000002E)
    .ARM.Collect$$libinit$$00000030          0x0000013e   Section        0  libinit2.o(.ARM.Collect$$libinit$$00000030)
    .ARM.Collect$$libinit$$00000032          0x0000013e   Section        0  libinit2.o(.ARM.Collect$$libinit$$00000032)
    .ARM.Collect$$libinit$$00000033          0x0000013e   Section        2  libinit2.o(.ARM.Collect$$libinit$$00000033)
    .ARM.Collect$$libshutdown$$00000000      0x00000140   Section        2  libshutdown.o(.ARM.Collect$$libshutdown$$00000000)
    .ARM.Collect$$libshutdown$$00000002      0x00000142   Section        0  libshutdown2.o(.ARM.Collect$$libshutdown$$00000002)
    .ARM.Collect$$libshutdown$$00000004      0x00000142   Section        0  libshutdown2.o(.ARM.Collect$$libshutdown$$00000004)
    .ARM.Collect$$libshutdown$$00000007      0x00000142   Section        0  libshutdown2.o(.ARM.Collect$$libshutdown$$00000007)
    .ARM.Collect$$libshutdown$$0000000A      0x00000142   Section        0  libshutdown2.o(.ARM.Collect$$libshutdown$$0000000A)
    .ARM.Collect$$libshutdown$$0000000C      0x00000142   Section        0  libshutdown2.o(.ARM.Collect$$libshutdown$$0000000C)
    .ARM.Collect$$libshutdown$$0000000F      0x00000142   Section        0  libshutdown2.o(.ARM.Collect$$libshutdown$$0000000F)
    .ARM.Collect$$libshutdown$$00000010      0x00000142   Section        2  libshutdown2.o(.ARM.Collect$$libshutdown$$00000010)
    .ARM.Collect$$rtentry$$00000000          0x00000144   Section        0  __rtentry.o(.ARM.Collect$$rtentry$$00000000)
    .ARM.Collect$$rtentry$$00000002          0x00000144   Section        0  __rtentry2.o(.ARM.Collect$$rtentry$$00000002)
    .ARM.Collect$$rtentry$$00000004          0x00000144   Section        6  __rtentry4.o(.ARM.Collect$$rtentry$$00000004)
    .ARM.Collect$$rtentry$$00000009          0x0000014a   Section        0  __rtentry2.o(.ARM.Collect$$rtentry$$00000009)
    .ARM.Collect$$rtentry$$0000000A          0x0000014a   Section        4  __rtentry2.o(.ARM.Collect$$rtentry$$0000000A)
    .ARM.Collect$$rtentry$$0000000C          0x0000014e   Section        0  __rtentry2.o(.ARM.Collect$$rtentry$$0000000C)
    .ARM.Collect$$rtentry$$0000000D          0x0000014e   Section        8  __rtentry2.o(.ARM.Collect$$rtentry$$0000000D)
    .ARM.Collect$$rtexit$$00000000           0x00000156   Section        2  rtexit.o(.ARM.Collect$$rtexit$$00000000)
    .ARM.Collect$$rtexit$$00000002           0x00000158   Section        0  rtexit2.o(.ARM.Collect$$rtexit$$00000002)
    .ARM.Collect$$rtexit$$00000003           0x00000158   Section        4  rtexit2.o(.ARM.Collect$$rtexit$$00000003)
    .ARM.Collect$$rtexit$$00000004           0x0000015c   Section        6  rtexit2.o(.ARM.Collect$$rtexit$$00000004)
    .text                                    0x00000164   Section       64  startup_skeaz1284.o(.text)
    .text                                    0x000001a4   Section        2  use_no_semi_2.o(.text)
    .text                                    0x000001a6   Section      346  aeabi_sdiv.o(.text)
    .text                                    0x00000300   Section        0  heapauxi.o(.text)
    .text                                    0x00000306   Section        2  use_no_semi.o(.text)
    .text                                    0x00000308   Section       62  sys_stackheap_outer.o(.text)
    .text                                    0x00000346   Section        0  exit.o(.text)
    .text                                    0x00000358   Section        8  libspace.o(.text)
    i.ADC0_IRQHandler                        0x00000360   Section        0  drv_adc.o(i.ADC0_IRQHandler)
    i.KBI0_IRQHandler                        0x00000388   Section        0  drv_kbi.o(i.KBI0_IRQHandler)
    i.NVIC_EnableIRQ                         0x000003ec   Section        0  drv_pit.o(i.NVIC_EnableIRQ)
    NVIC_EnableIRQ                           0x000003ed   Thumb Code    14  drv_pit.o(i.NVIC_EnableIRQ)
    .ARM.__at_0x400                          0x00000400   Section       16  startup_skeaz1284.o(.ARM.__at_0x400)
    i.KBI1_IRQHandler                        0x00000410   Section        0  drv_kbi.o(i.KBI1_IRQHandler)
    i.NVIC_SetPriority                       0x00000474   Section        0  drv_pit.o(i.NVIC_SetPriority)
    NVIC_SetPriority                         0x00000475   Thumb Code   110  drv_pit.o(i.NVIC_SetPriority)
    i.NVIC_SetPriority                       0x000004ec   Section        0  bsp_timer.o(i.NVIC_SetPriority)
    NVIC_SetPriority                         0x000004ed   Thumb Code   110  bsp_timer.o(i.NVIC_SetPriority)
    i.PIT_CH0_IRQHandler                     0x00000564   Section        0  drv_pit.o(i.PIT_CH0_IRQHandler)
    i.PIT_CH1_IRQHandler                     0x00000598   Section        0  drv_pit.o(i.PIT_CH1_IRQHandler)
    i.SysTick_Handler                        0x000005cc   Section        0  bsp_timer.o(i.SysTick_Handler)
    i.SysTick_ISR                            0x000005d4   Section        0  bsp_timer.o(i.SysTick_ISR)
    i.SystemInit                             0x0000063c   Section        0  system_skeaz1284.o(i.SystemInit)
    i.UART1_IRQHandler                       0x000006b8   Section        0  drv_uart.o(i.UART1_IRQHandler)
    i.UART2_IRQHandler                       0x000006ba   Section        0  drv_uart.o(i.UART2_IRQHandler)
    i._sys_exit                              0x000006bc   Section        0  bsp_uart.o(i._sys_exit)
    i.bsp_Config                             0x000006c4   Section        0  bsp.o(i.bsp_Config)
    i.bsp_led_Config                         0x000006da   Section        0  bsp_led.o(i.bsp_led_Config)
    i.bsp_led_OFF                            0x00000716   Section        0  bsp_led.o(i.bsp_led_OFF)
    i.bsp_led_Toggle                         0x0000076a   Section        0  bsp_led.o(i.bsp_led_Toggle)
    i.bsp_oled_Clear                         0x000007b2   Section        0  bsp_oled.o(i.bsp_oled_Clear)
    i.bsp_oled_Config                        0x000007f2   Section        0  bsp_oled.o(i.bsp_oled_Config)
    i.bsp_oled_GPIOConfig                    0x00000912   Section        0  bsp_oled.o(i.bsp_oled_GPIOConfig)
    i.bsp_oled_SetPos                        0x00000954   Section        0  bsp_oled.o(i.bsp_oled_SetPos)
    i.bsp_oled_WRByte                        0x00000988   Section        0  bsp_oled.o(i.bsp_oled_WRByte)
    i.bsp_tim_CreateHardTimer                0x000009f8   Section        0  bsp_timer.o(i.bsp_tim_CreateHardTimer)
    i.bsp_tim_DelayMs                        0x00000a48   Section        0  bsp_timer.o(i.bsp_tim_DelayMs)
    i.bsp_tim_SoftConfig                     0x00000a7c   Section        0  bsp_timer.o(i.bsp_tim_SoftConfig)
    i.bsp_tim_SoftDec                        0x00000b04   Section        0  bsp_timer.o(i.bsp_tim_SoftDec)
    i.bsp_uart_Config                        0x00000b38   Section        0  bsp_uart.o(i.bsp_uart_Config)
    i.bsp_uart_ParaInit                      0x00000b90   Section        0  bsp_uart.o(i.bsp_uart_ParaInit)
    i.drv_adc_Init                           0x00000bcc   Section        0  drv_adc.o(i.drv_adc_Init)
    i.drv_gpio_Init                          0x00000d18   Section        0  drv_gpio.o(i.drv_gpio_Init)
    i.drv_gpio_TogglePin                     0x00000ef0   Section        0  drv_gpio.o(i.drv_gpio_TogglePin)
    i.drv_gpio_WritePin                      0x00000f1c   Section        0  drv_gpio.o(i.drv_gpio_WritePin)
    i.drv_pit_Init                           0x00000f64   Section        0  drv_pit.o(i.drv_pit_Init)
    i.drv_rcc_ClockCmd                       0x00001060   Section        0  drv_rcc.o(i.drv_rcc_ClockCmd)
    i.drv_uart_Cmd                           0x00001080   Section        0  drv_uart.o(i.drv_uart_Cmd)
    i.drv_uart_Init                          0x000010c8   Section        0  drv_uart.o(i.drv_uart_Init)
    i.drv_uart_SelectChannle                 0x00001180   Section        0  drv_uart.o(i.drv_uart_SelectChannle)
    i.main                                   0x000011e8   Section        0  main.o(i.main)
    i.test_Led2Test                          0x00001230   Section        0  main.o(i.test_Led2Test)
    .constdata                               0x0000123c   Section       12  drv_gpio.o(.constdata)
    GPIOX                                    0x0000123c   Data          12  drv_gpio.o(.constdata)
    .data                                    0x1ffff000   Section       12  system_skeaz1284.o(.data)
    .data                                    0x1ffff00c   Section        8  drv_pit.o(.data)
    PIT_Handler                              0x1ffff00c   Data           8  drv_pit.o(.data)
    .data                                    0x1ffff014   Section        1  drv_adc.o(.data)
    ADC_Count                                0x1ffff014   Data           1  drv_adc.o(.data)
    .data                                    0x1ffff015   Section        5  drv_kbi.o(.data)
    KBI_UsedCount                            0x1ffff015   Data           1  drv_kbi.o(.data)
    KBI0_IRQ_Init                            0x1ffff016   Data           1  drv_kbi.o(.data)
    KBI1_IRQ_Init                            0x1ffff017   Data           1  drv_kbi.o(.data)
    KBI0_Clock_Init                          0x1ffff018   Data           1  drv_kbi.o(.data)
    KBI1_Clock_Init                          0x1ffff019   Data           1  drv_kbi.o(.data)
    .data                                    0x1ffff01c   Section       12  bsp_timer.o(.data)
    s_uiDelayCount                           0x1ffff01c   Data           4  bsp_timer.o(.data)
    s_ucTimeOutFlag                          0x1ffff020   Data           1  bsp_timer.o(.data)
    .bss                                     0x1ffff028   Section      144  drv_adc.o(.bss)
    ADC_Result                               0x1ffff028   Data          48  drv_adc.o(.bss)
    ADC_Order                                0x1ffff058   Data          96  drv_adc.o(.bss)
    .bss                                     0x1ffff0b8   Section      696  drv_kbi.o(.bss)
    .bss                                     0x1ffff370   Section      552  bsp_uart.o(.bss)
    UartTxBuff                               0x1ffff398   Data         256  bsp_uart.o(.bss)
    UartRxBuff                               0x1ffff498   Data         256  bsp_uart.o(.bss)
    .bss                                     0x1ffff598   Section       96  bsp_timer.o(.bss)
    .bss                                     0x1ffff5f8   Section       96  libspace.o(.bss)
    HEAP                                     0x1ffff658   Section        0  startup_skeaz1284.o(HEAP)
    STACK                                    0x1ffff658   Section      256  startup_skeaz1284.o(STACK)
    Heap_Mem                                 0x1ffff658   Data           0  startup_skeaz1284.o(HEAP)
    Stack_Mem                                0x1ffff658   Data         256  startup_skeaz1284.o(STACK)
    __initial_sp                             0x1ffff758   Data           0  startup_skeaz1284.o(STACK)

    Global Symbols

    Symbol Name                              Value     Ov Type        Size  Object(Section)

    BuildAttributes$$THM_ISAv3M$S$PE$A:L22$X:L11$S22$IEEE1$IW$USESV6$~STKCKD$USESV7$~SHL$OTIME$ROPI$IEEEJ$EBA8$UX$STANDARDLIB$REQ8$PRES8$EABIv2 0x00000000   Number         0  anon$$obj.o ABSOLUTE
    __ARM_use_no_argv                        0x00000000   Number         0  main.o ABSOLUTE
    __Vectors                                0x00000000   Data           4  startup_skeaz1284.o(RESET)
    _printf_flags                            0x00000000   Number         0  printf_stubs.o ABSOLUTE
    _printf_return_value                     0x00000000   Number         0  printf_stubs.o ABSOLUTE
    _printf_sizespec                         0x00000000   Number         0  printf_stubs.o ABSOLUTE
    _printf_widthprec                        0x00000000   Number         0  printf_stubs.o ABSOLUTE
    __ARM_exceptions_init                     - Undefined Weak Reference
    __alloca_initialize                       - Undefined Weak Reference
    __arm_preinit_                            - Undefined Weak Reference
    __cpp_initialize__aeabi_                  - Undefined Weak Reference
    __cxa_finalize                            - Undefined Weak Reference
    __sigvec_lookup                           - Undefined Weak Reference
    _atexit_init                              - Undefined Weak Reference
    _call_atexit_fns                          - Undefined Weak Reference
    _clock_init                               - Undefined Weak Reference
    _fp_trap_init                             - Undefined Weak Reference
    _fp_trap_shutdown                         - Undefined Weak Reference
    _get_lc_collate                           - Undefined Weak Reference
    _get_lc_monetary                          - Undefined Weak Reference
    _get_lc_time                              - Undefined Weak Reference
    _getenv_init                              - Undefined Weak Reference
    _handle_redirection                       - Undefined Weak Reference
    _init_alloc                               - Undefined Weak Reference
    _init_user_alloc                          - Undefined Weak Reference
    _initio                                   - Undefined Weak Reference
    _printf_fp_hex                            - Undefined Weak Reference
    _printf_mbtowc                            - Undefined Weak Reference
    _printf_wc                                - Undefined Weak Reference
    _rand_init                                - Undefined Weak Reference
    _signal_finish                            - Undefined Weak Reference
    _signal_init                              - Undefined Weak Reference
    _terminate_alloc                          - Undefined Weak Reference
    _terminate_user_alloc                     - Undefined Weak Reference
    _terminateio                              - Undefined Weak Reference
    __Vectors_End                            0x000000c0   Data           0  startup_skeaz1284.o(RESET)
    __Vectors_Size                           0x000000c0   Number         0  startup_skeaz1284.o ABSOLUTE
    __main                                   0x000000c1   Thumb Code     8  __main.o(!!!main)
    __scatterload                            0x000000c9   Thumb Code     0  __scatter.o(!!!scatter)
    __scatterload_rt2                        0x000000c9   Thumb Code    52  __scatter.o(!!!scatter)
    __scatterload_rt2_thumb_only             0x000000c9   Thumb Code     0  __scatter.o(!!!scatter)
    __scatterload_null                       0x000000d9   Thumb Code     0  __scatter.o(!!!scatter)
    __scatterload_copy                       0x00000105   Thumb Code    26  __scatter_copy.o(!!handler_copy)
    __scatterload_zeroinit                   0x00000121   Thumb Code    28  __scatter_zi.o(!!handler_zi)
    __rt_lib_init                            0x0000013d   Thumb Code     0  libinit.o(.ARM.Collect$$libinit$$00000000)
    __rt_lib_init_alloca_1                   0x0000013f   Thumb Code     0  libinit2.o(.ARM.Collect$$libinit$$0000002E)
    __rt_lib_init_argv_1                     0x0000013f   Thumb Code     0  libinit2.o(.ARM.Collect$$libinit$$0000002C)
    __rt_lib_init_atexit_1                   0x0000013f   Thumb Code     0  libinit2.o(.ARM.Collect$$libinit$$0000001B)
    __rt_lib_init_clock_1                    0x0000013f   Thumb Code     0  libinit2.o(.ARM.Collect$$libinit$$00000021)
    __rt_lib_init_cpp_1                      0x0000013f   Thumb Code     0  libinit2.o(.ARM.Collect$$libinit$$00000032)
    __rt_lib_init_exceptions_1               0x0000013f   Thumb Code     0  libinit2.o(.ARM.Collect$$libinit$$00000030)
    __rt_lib_init_fp_1                       0x0000013f   Thumb Code     0  libinit2.o(.ARM.Collect$$libinit$$00000002)
    __rt_lib_init_fp_trap_1                  0x0000013f   Thumb Code     0  libinit2.o(.ARM.Collect$$libinit$$0000001F)
    __rt_lib_init_getenv_1                   0x0000013f   Thumb Code     0  libinit2.o(.ARM.Collect$$libinit$$00000023)
    __rt_lib_init_heap_1                     0x0000013f   Thumb Code     0  libinit2.o(.ARM.Collect$$libinit$$0000000A)
    __rt_lib_init_lc_collate_1               0x0000013f   Thumb Code     0  libinit2.o(.ARM.Collect$$libinit$$00000011)
    __rt_lib_init_lc_ctype_1                 0x0000013f   Thumb Code     0  libinit2.o(.ARM.Collect$$libinit$$00000013)
    __rt_lib_init_lc_monetary_1              0x0000013f   Thumb Code     0  libinit2.o(.ARM.Collect$$libinit$$00000015)
    __rt_lib_init_lc_numeric_1               0x0000013f   Thumb Code     0  libinit2.o(.ARM.Collect$$libinit$$00000017)
    __rt_lib_init_lc_time_1                  0x0000013f   Thumb Code     0  libinit2.o(.ARM.Collect$$libinit$$00000019)
    __rt_lib_init_preinit_1                  0x0000013f   Thumb Code     0  libinit2.o(.ARM.Collect$$libinit$$00000004)
    __rt_lib_init_rand_1                     0x0000013f   Thumb Code     0  libinit2.o(.ARM.Collect$$libinit$$0000000E)
    __rt_lib_init_return                     0x0000013f   Thumb Code     0  libinit2.o(.ARM.Collect$$libinit$$00000033)
    __rt_lib_init_signal_1                   0x0000013f   Thumb Code     0  libinit2.o(.ARM.Collect$$libinit$$0000001D)
    __rt_lib_init_stdio_1                    0x0000013f   Thumb Code     0  libinit2.o(.ARM.Collect$$libinit$$00000025)
    __rt_lib_init_user_alloc_1               0x0000013f   Thumb Code     0  libinit2.o(.ARM.Collect$$libinit$$0000000C)
    __rt_lib_shutdown                        0x00000141   Thumb Code     0  libshutdown.o(.ARM.Collect$$libshutdown$$00000000)
    __rt_lib_shutdown_cpp_1                  0x00000143   Thumb Code     0  libshutdown2.o(.ARM.Collect$$libshutdown$$00000002)
    __rt_lib_shutdown_fp_trap_1              0x00000143   Thumb Code     0  libshutdown2.o(.ARM.Collect$$libshutdown$$00000007)
    __rt_lib_shutdown_heap_1                 0x00000143   Thumb Code     0  libshutdown2.o(.ARM.Collect$$libshutdown$$0000000F)
    __rt_lib_shutdown_return                 0x00000143   Thumb Code     0  libshutdown2.o(.ARM.Collect$$libshutdown$$00000010)
    __rt_lib_shutdown_signal_1               0x00000143   Thumb Code     0  libshutdown2.o(.ARM.Collect$$libshutdown$$0000000A)
    __rt_lib_shutdown_stdio_1                0x00000143   Thumb Code     0  libshutdown2.o(.ARM.Collect$$libshutdown$$00000004)
    __rt_lib_shutdown_user_alloc_1           0x00000143   Thumb Code     0  libshutdown2.o(.ARM.Collect$$libshutdown$$0000000C)
    __rt_entry                               0x00000145   Thumb Code     0  __rtentry.o(.ARM.Collect$$rtentry$$00000000)
    __rt_entry_presh_1                       0x00000145   Thumb Code     0  __rtentry2.o(.ARM.Collect$$rtentry$$00000002)
    __rt_entry_sh                            0x00000145   Thumb Code     0  __rtentry4.o(.ARM.Collect$$rtentry$$00000004)
    __rt_entry_li                            0x0000014b   Thumb Code     0  __rtentry2.o(.ARM.Collect$$rtentry$$0000000A)
    __rt_entry_postsh_1                      0x0000014b   Thumb Code     0  __rtentry2.o(.ARM.Collect$$rtentry$$00000009)
    __rt_entry_main                          0x0000014f   Thumb Code     0  __rtentry2.o(.ARM.Collect$$rtentry$$0000000D)
    __rt_entry_postli_1                      0x0000014f   Thumb Code     0  __rtentry2.o(.ARM.Collect$$rtentry$$0000000C)
    __rt_exit                                0x00000157   Thumb Code     0  rtexit.o(.ARM.Collect$$rtexit$$00000000)
    __rt_exit_ls                             0x00000159   Thumb Code     0  rtexit2.o(.ARM.Collect$$rtexit$$00000003)
    __rt_exit_prels_1                        0x00000159   Thumb Code     0  rtexit2.o(.ARM.Collect$$rtexit$$00000002)
    __rt_exit_exit                           0x0000015d   Thumb Code     0  rtexit2.o(.ARM.Collect$$rtexit$$00000004)
    init_data_bss                            0x00000165   Thumb Code     2  startup_skeaz1284.o(.text)
    Reset_Handler                            0x00000167   Thumb Code    12  startup_skeaz1284.o(.text)
    NMI_Handler                              0x00000173   Thumb Code     2  startup_skeaz1284.o(.text)
    HardFault_Handler                        0x00000175   Thumb Code     2  startup_skeaz1284.o(.text)
    SVC_Handler                              0x00000177   Thumb Code     2  startup_skeaz1284.o(.text)
    PendSV_Handler                           0x00000179   Thumb Code     2  startup_skeaz1284.o(.text)
    ACMP0_IRQHandler                         0x0000017d   Thumb Code     0  startup_skeaz1284.o(.text)
    ACMP1_IRQHandler                         0x0000017d   Thumb Code     0  startup_skeaz1284.o(.text)
    DefaultISR                               0x0000017d   Thumb Code     0  startup_skeaz1284.o(.text)
    FTM0_IRQHandler                          0x0000017d   Thumb Code     0  startup_skeaz1284.o(.text)
    FTM1_IRQHandler                          0x0000017d   Thumb Code     0  startup_skeaz1284.o(.text)
    FTM2_IRQHandler                          0x0000017d   Thumb Code     0  startup_skeaz1284.o(.text)
    FTMRE_IRQHandler                         0x0000017d   Thumb Code     0  startup_skeaz1284.o(.text)
    I2C0_IRQHandler                          0x0000017d   Thumb Code     0  startup_skeaz1284.o(.text)
    I2C1_IRQHandler                          0x0000017d   Thumb Code     0  startup_skeaz1284.o(.text)
    ICS_IRQHandler                           0x0000017d   Thumb Code     0  startup_skeaz1284.o(.text)
    IRQ_IRQHandler                           0x0000017d   Thumb Code     0  startup_skeaz1284.o(.text)
    LVD_LVW_IRQHandler                       0x0000017d   Thumb Code     0  startup_skeaz1284.o(.text)
    MSCAN_RX_IRQHandler                      0x0000017d   Thumb Code     0  startup_skeaz1284.o(.text)
    MSCAN_TX_IRQHandler                      0x0000017d   Thumb Code     0  startup_skeaz1284.o(.text)
    PWT_IRQHandler                           0x0000017d   Thumb Code     0  startup_skeaz1284.o(.text)
    RTC_IRQHandler                           0x0000017d   Thumb Code     0  startup_skeaz1284.o(.text)
    Reserved16_IRQHandler                    0x0000017d   Thumb Code     0  startup_skeaz1284.o(.text)
    Reserved17_IRQHandler                    0x0000017d   Thumb Code     0  startup_skeaz1284.o(.text)
    Reserved18_IRQHandler                    0x0000017d   Thumb Code     0  startup_skeaz1284.o(.text)
    Reserved19_IRQHandler                    0x0000017d   Thumb Code     0  startup_skeaz1284.o(.text)
    Reserved20_IRQHandler                    0x0000017d   Thumb Code     0  startup_skeaz1284.o(.text)
    Reserved42_IRQHandler                    0x0000017d   Thumb Code     0  startup_skeaz1284.o(.text)
    SPI0_IRQHandler                          0x0000017d   Thumb Code     0  startup_skeaz1284.o(.text)
    SPI1_IRQHandler                          0x0000017d   Thumb Code     0  startup_skeaz1284.o(.text)
    UART0_IRQHandler                         0x0000017d   Thumb Code     0  startup_skeaz1284.o(.text)
    Watchdog_IRQHandler                      0x0000017d   Thumb Code     0  startup_skeaz1284.o(.text)
    __user_initial_stackheap                 0x00000181   Thumb Code     0  startup_skeaz1284.o(.text)
    __use_no_semihosting                     0x000001a5   Thumb Code     2  use_no_semi_2.o(.text)
    __aeabi_uidiv                            0x000001a7   Thumb Code     0  aeabi_sdiv.o(.text)
    __aeabi_uidivmod                         0x000001a7   Thumb Code    20  aeabi_sdiv.o(.text)
    __aeabi_idiv                             0x000001bb   Thumb Code     0  aeabi_sdiv.o(.text)
    __aeabi_idivmod                          0x000001bb   Thumb Code   326  aeabi_sdiv.o(.text)
    __use_two_region_memory                  0x00000301   Thumb Code     2  heapauxi.o(.text)
    __rt_heap_escrow$2region                 0x00000303   Thumb Code     2  heapauxi.o(.text)
    __rt_heap_expand$2region                 0x00000305   Thumb Code     2  heapauxi.o(.text)
    __I$use$semihosting                      0x00000307   Thumb Code     0  use_no_semi.o(.text)
    __use_no_semihosting_swi                 0x00000307   Thumb Code     2  use_no_semi.o(.text)
    __user_setup_stackheap                   0x00000309   Thumb Code    62  sys_stackheap_outer.o(.text)
    exit                                     0x00000347   Thumb Code    16  exit.o(.text)
    __user_libspace                          0x00000359   Thumb Code     8  libspace.o(.text)
    __user_perproc_libspace                  0x00000359   Thumb Code     0  libspace.o(.text)
    __user_perthread_libspace                0x00000359   Thumb Code     0  libspace.o(.text)
    ADC0_IRQHandler                          0x00000361   Thumb Code    28  drv_adc.o(i.ADC0_IRQHandler)
    KBI0_IRQHandler                          0x00000389   Thumb Code    86  drv_kbi.o(i.KBI0_IRQHandler)
    KBI1_IRQHandler                          0x00000411   Thumb Code    86  drv_kbi.o(i.KBI1_IRQHandler)
    PIT_CH0_IRQHandler                       0x00000565   Thumb Code    42  drv_pit.o(i.PIT_CH0_IRQHandler)
    PIT_CH1_IRQHandler                       0x00000599   Thumb Code    42  drv_pit.o(i.PIT_CH1_IRQHandler)
    SysTick_Handler                          0x000005cd   Thumb Code     8  bsp_timer.o(i.SysTick_Handler)
    SysTick_ISR                              0x000005d5   Thumb Code    84  bsp_timer.o(i.SysTick_ISR)
    SystemInit                               0x0000063d   Thumb Code    90  system_skeaz1284.o(i.SystemInit)
    UART1_IRQHandler                         0x000006b9   Thumb Code     2  drv_uart.o(i.UART1_IRQHandler)
    UART2_IRQHandler                         0x000006bb   Thumb Code     2  drv_uart.o(i.UART2_IRQHandler)
    _sys_exit                                0x000006bd   Thumb Code     8  bsp_uart.o(i._sys_exit)
    bsp_Config                               0x000006c5   Thumb Code    22  bsp.o(i.bsp_Config)
    bsp_led_Config                           0x000006db   Thumb Code    60  bsp_led.o(i.bsp_led_Config)
    bsp_led_OFF                              0x00000717   Thumb Code    84  bsp_led.o(i.bsp_led_OFF)
    bsp_led_Toggle                           0x0000076b   Thumb Code    72  bsp_led.o(i.bsp_led_Toggle)
    bsp_oled_Clear                           0x000007b3   Thumb Code    64  bsp_oled.o(i.bsp_oled_Clear)
    bsp_oled_Config                          0x000007f3   Thumb Code   288  bsp_oled.o(i.bsp_oled_Config)
    bsp_oled_GPIOConfig                      0x00000913   Thumb Code    66  bsp_oled.o(i.bsp_oled_GPIOConfig)
    bsp_oled_SetPos                          0x00000955   Thumb Code    52  bsp_oled.o(i.bsp_oled_SetPos)
    bsp_oled_WRByte                          0x00000989   Thumb Code   112  bsp_oled.o(i.bsp_oled_WRByte)
    bsp_tim_CreateHardTimer                  0x000009f9   Thumb Code    74  bsp_timer.o(i.bsp_tim_CreateHardTimer)
    bsp_tim_DelayMs                          0x00000a49   Thumb Code    42  bsp_timer.o(i.bsp_tim_DelayMs)
    bsp_tim_SoftConfig                       0x00000a7d   Thumb Code   118  bsp_timer.o(i.bsp_tim_SoftConfig)
    bsp_tim_SoftDec                          0x00000b05   Thumb Code    50  bsp_timer.o(i.bsp_tim_SoftDec)
    bsp_uart_Config                          0x00000b39   Thumb Code    76  bsp_uart.o(i.bsp_uart_Config)
    bsp_uart_ParaInit                        0x00000b91   Thumb Code    42  bsp_uart.o(i.bsp_uart_ParaInit)
    drv_adc_Init                             0x00000bcd   Thumb Code   316  drv_adc.o(i.drv_adc_Init)
    drv_gpio_Init                            0x00000d19   Thumb Code   458  drv_gpio.o(i.drv_gpio_Init)
    drv_gpio_TogglePin                       0x00000ef1   Thumb Code    38  drv_gpio.o(i.drv_gpio_TogglePin)
    drv_gpio_WritePin                        0x00000f1d   Thumb Code    68  drv_gpio.o(i.drv_gpio_WritePin)
    drv_pit_Init                             0x00000f65   Thumb Code   234  drv_pit.o(i.drv_pit_Init)
    drv_rcc_ClockCmd                         0x00001061   Thumb Code    28  drv_rcc.o(i.drv_rcc_ClockCmd)
    drv_uart_Cmd                             0x00001081   Thumb Code    60  drv_uart.o(i.drv_uart_Cmd)
    drv_uart_Init                            0x000010c9   Thumb Code   164  drv_uart.o(i.drv_uart_Init)
    drv_uart_SelectChannle                   0x00001181   Thumb Code    84  drv_uart.o(i.drv_uart_SelectChannle)
    main                                     0x000011e9   Thumb Code    68  main.o(i.main)
    test_Led2Test                            0x00001231   Thumb Code    10  main.o(i.test_Led2Test)
    Region$$Table$$Base                      0x00001248   Number         0  anon$$obj.o(Region$$Table)
    Region$$Table$$Limit                     0x00001268   Number         0  anon$$obj.o(Region$$Table)
    SystemCoreClock                          0x1ffff000   Data           4  system_skeaz1284.o(.data)
    SystemBusClock                           0x1ffff004   Data           4  system_skeaz1284.o(.data)
    SystemTimerClock                         0x1ffff008   Data           4  system_skeaz1284.o(.data)
    g_iRunTime                               0x1ffff024   Data           4  bsp_timer.o(.data)
    KBI_INFO                                 0x1ffff0b8   Data         696  drv_kbi.o(.bss)
    uart_info                                0x1ffff370   Data          40  bsp_uart.o(.bss)
    SoftTimer                                0x1ffff598   Data          80  bsp_timer.o(.bss)
    HardTimer                                0x1ffff5e8   Data          16  bsp_timer.o(.bss)
    __libspace_start                         0x1ffff5f8   Data          96  libspace.o(.bss)
    __temporary_stack_top$libspace           0x1ffff658   Data           0  libspace.o(.bss)



==============================================================================

Memory Map of the image

  Image Entry point : 0x000000c1

  Load Region LR_IROM1 (Base: 0x00000000, Size: 0x00001290, Max: 0x00020000, ABSOLUTE)

    Execution Region ER_IROM1 (Base: 0x00000000, Size: 0x00001268, Max: 0x00020000, ABSOLUTE)

    Base Addr    Size         Type   Attr      Idx    E Section Name        Object

    0x00000000   0x000000c0   Data   RO          115    RESET               startup_skeaz1284.o
    0x000000c0   0x00000008   Code   RO         1253  * !!!main             c_p.l(__main.o)
    0x000000c8   0x0000003c   Code   RO         1573    !!!scatter          c_p.l(__scatter.o)
    0x00000104   0x0000001a   Code   RO         1575    !!handler_copy      c_p.l(__scatter_copy.o)
    0x0000011e   0x00000002   PAD
    0x00000120   0x0000001c   Code   RO         1577    !!handler_zi        c_p.l(__scatter_zi.o)
    0x0000013c   0x00000002   Code   RO         1435    .ARM.Collect$$libinit$$00000000  c_p.l(libinit.o)
    0x0000013e   0x00000000   Code   RO         1460    .ARM.Collect$$libinit$$00000002  c_p.l(libinit2.o)
    0x0000013e   0x00000000   Code   RO         1462    .ARM.Collect$$libinit$$00000004  c_p.l(libinit2.o)
    0x0000013e   0x00000000   Code   RO         1465    .ARM.Collect$$libinit$$0000000A  c_p.l(libinit2.o)
    0x0000013e   0x00000000   Code   RO         1467    .ARM.Collect$$libinit$$0000000C  c_p.l(libinit2.o)
    0x0000013e   0x00000000   Code   RO         1469    .ARM.Collect$$libinit$$0000000E  c_p.l(libinit2.o)
    0x0000013e   0x00000000   Code   RO         1472    .ARM.Collect$$libinit$$00000011  c_p.l(libinit2.o)
    0x0000013e   0x00000000   Code   RO         1474    .ARM.Collect$$libinit$$00000013  c_p.l(libinit2.o)
    0x0000013e   0x00000000   Code   RO         1476    .ARM.Collect$$libinit$$00000015  c_p.l(libinit2.o)
    0x0000013e   0x00000000   Code   RO         1478    .ARM.Collect$$libinit$$00000017  c_p.l(libinit2.o)
    0x0000013e   0x00000000   Code   RO         1480    .ARM.Collect$$libinit$$00000019  c_p.l(libinit2.o)
    0x0000013e   0x00000000   Code   RO         1482    .ARM.Collect$$libinit$$0000001B  c_p.l(libinit2.o)
    0x0000013e   0x00000000   Code   RO         1484    .ARM.Collect$$libinit$$0000001D  c_p.l(libinit2.o)
    0x0000013e   0x00000000   Code   RO         1486    .ARM.Collect$$libinit$$0000001F  c_p.l(libinit2.o)
    0x0000013e   0x00000000   Code   RO         1488    .ARM.Collect$$libinit$$00000021  c_p.l(libinit2.o)
    0x0000013e   0x00000000   Code   RO         1490    .ARM.Collect$$libinit$$00000023  c_p.l(libinit2.o)
    0x0000013e   0x00000000   Code   RO         1492    .ARM.Collect$$libinit$$00000025  c_p.l(libinit2.o)
    0x0000013e   0x00000000   Code   RO         1496    .ARM.Collect$$libinit$$0000002C  c_p.l(libinit2.o)
    0x0000013e   0x00000000   Code   RO         1498    .ARM.Collect$$libinit$$0000002E  c_p.l(libinit2.o)
    0x0000013e   0x00000000   Code   RO         1500    .ARM.Collect$$libinit$$00000030  c_p.l(libinit2.o)
    0x0000013e   0x00000000   Code   RO         1502    .ARM.Collect$$libinit$$00000032  c_p.l(libinit2.o)
    0x0000013e   0x00000002   Code   RO         1503    .ARM.Collect$$libinit$$00000033  c_p.l(libinit2.o)
    0x00000140   0x00000002   Code   RO         1529    .ARM.Collect$$libshutdown$$00000000  c_p.l(libshutdown.o)
    0x00000142   0x00000000   Code   RO         1556    .ARM.Collect$$libshutdown$$00000002  c_p.l(libshutdown2.o)
    0x00000142   0x00000000   Code   RO         1558    .ARM.Collect$$libshutdown$$00000004  c_p.l(libshutdown2.o)
    0x00000142   0x00000000   Code   RO         1561    .ARM.Collect$$libshutdown$$00000007  c_p.l(libshutdown2.o)
    0x00000142   0x00000000   Code   RO         1564    .ARM.Collect$$libshutdown$$0000000A  c_p.l(libshutdown2.o)
    0x00000142   0x00000000   Code   RO         1566    .ARM.Collect$$libshutdown$$0000000C  c_p.l(libshutdown2.o)
    0x00000142   0x00000000   Code   RO         1569    .ARM.Collect$$libshutdown$$0000000F  c_p.l(libshutdown2.o)
    0x00000142   0x00000002   Code   RO         1570    .ARM.Collect$$libshutdown$$00000010  c_p.l(libshutdown2.o)
    0x00000144   0x00000000   Code   RO         1263    .ARM.Collect$$rtentry$$00000000  c_p.l(__rtentry.o)
    0x00000144   0x00000000   Code   RO         1365    .ARM.Collect$$rtentry$$00000002  c_p.l(__rtentry2.o)
    0x00000144   0x00000006   Code   RO         1377    .ARM.Collect$$rtentry$$00000004  c_p.l(__rtentry4.o)
    0x0000014a   0x00000000   Code   RO         1367    .ARM.Collect$$rtentry$$00000009  c_p.l(__rtentry2.o)
    0x0000014a   0x00000004   Code   RO         1368    .ARM.Collect$$rtentry$$0000000A  c_p.l(__rtentry2.o)
    0x0000014e   0x00000000   Code   RO         1370    .ARM.Collect$$rtentry$$0000000C  c_p.l(__rtentry2.o)
    0x0000014e   0x00000008   Code   RO         1371    .ARM.Collect$$rtentry$$0000000D  c_p.l(__rtentry2.o)
    0x00000156   0x00000002   Code   RO         1446    .ARM.Collect$$rtexit$$00000000  c_p.l(rtexit.o)
    0x00000158   0x00000000   Code   RO         1505    .ARM.Collect$$rtexit$$00000002  c_p.l(rtexit2.o)
    0x00000158   0x00000004   Code   RO         1506    .ARM.Collect$$rtexit$$00000003  c_p.l(rtexit2.o)
    0x0000015c   0x00000006   Code   RO         1507    .ARM.Collect$$rtexit$$00000004  c_p.l(rtexit2.o)
    0x00000162   0x00000002   PAD
    0x00000164   0x00000040   Code   RO          117    .text               startup_skeaz1284.o
    0x000001a4   0x00000002   Code   RO         1243    .text               c_p.l(use_no_semi_2.o)
    0x000001a6   0x0000015a   Code   RO         1247    .text               c_p.l(aeabi_sdiv.o)
    0x00000300   0x00000006   Code   RO         1251    .text               c_p.l(heapauxi.o)
    0x00000306   0x00000002   Code   RO         1261    .text               c_p.l(use_no_semi.o)
    0x00000308   0x0000003e   Code   RO         1402    .text               c_p.l(sys_stackheap_outer.o)
    0x00000346   0x00000010   Code   RO         1424    .text               c_p.l(exit.o)
    0x00000356   0x00000002   PAD
    0x00000358   0x00000008   Code   RO         1442    .text               c_p.l(libspace.o)
    0x00000360   0x00000028   Code   RO          384    i.ADC0_IRQHandler   drv_adc.o
    0x00000388   0x00000064   Code   RO          612    i.KBI0_IRQHandler   drv_kbi.o
    0x000003ec   0x00000014   Code   RO          215    i.NVIC_EnableIRQ    drv_pit.o
    0x00000400   0x00000010   Code   RO          116    .ARM.__at_0x400     startup_skeaz1284.o
    0x00000410   0x00000064   Code   RO          613    i.KBI1_IRQHandler   drv_kbi.o
    0x00000474   0x00000078   Code   RO          216    i.NVIC_SetPriority  drv_pit.o
    0x000004ec   0x00000078   Code   RO          834    i.NVIC_SetPriority  bsp_timer.o
    0x00000564   0x00000034   Code   RO          217    i.PIT_CH0_IRQHandler  drv_pit.o
    0x00000598   0x00000034   Code   RO          218    i.PIT_CH1_IRQHandler  drv_pit.o
    0x000005cc   0x00000008   Code   RO          835    i.SysTick_Handler   bsp_timer.o
    0x000005d4   0x00000068   Code   RO          836    i.SysTick_ISR       bsp_timer.o
    0x0000063c   0x0000007c   Code   RO          126    i.SystemInit        system_skeaz1284.o
    0x000006b8   0x00000002   Code   RO          284    i.UART1_IRQHandler  drv_uart.o
    0x000006ba   0x00000002   Code   RO          285    i.UART2_IRQHandler  drv_uart.o
    0x000006bc   0x00000008   Code   RO          734    i._sys_exit         bsp_uart.o
    0x000006c4   0x00000016   Code   RO          671    i.bsp_Config        bsp.o
    0x000006da   0x0000003c   Code   RO          696    i.bsp_led_Config    bsp_led.o
    0x00000716   0x00000054   Code   RO          697    i.bsp_led_OFF       bsp_led.o
    0x0000076a   0x00000048   Code   RO          699    i.bsp_led_Toggle    bsp_led.o
    0x000007b2   0x00000040   Code   RO         1027    i.bsp_oled_Clear    bsp_oled.o
    0x000007f2   0x00000120   Code   RO         1028    i.bsp_oled_Config   bsp_oled.o
    0x00000912   0x00000042   Code   RO         1032    i.bsp_oled_GPIOConfig  bsp_oled.o
    0x00000954   0x00000034   Code   RO         1034    i.bsp_oled_SetPos   bsp_oled.o
    0x00000988   0x00000070   Code   RO         1041    i.bsp_oled_WRByte   bsp_oled.o
    0x000009f8   0x00000050   Code   RO          838    i.bsp_tim_CreateHardTimer  bsp_timer.o
    0x00000a48   0x00000034   Code   RO          840    i.bsp_tim_DelayMs   bsp_timer.o
    0x00000a7c   0x00000088   Code   RO          846    i.bsp_tim_SoftConfig  bsp_timer.o
    0x00000b04   0x00000032   Code   RO          847    i.bsp_tim_SoftDec   bsp_timer.o
    0x00000b36   0x00000002   PAD
    0x00000b38   0x00000058   Code   RO          737    i.bsp_uart_Config   bsp_uart.o
    0x00000b90   0x0000003c   Code   RO          741    i.bsp_uart_ParaInit  bsp_uart.o
    0x00000bcc   0x0000014c   Code   RO          388    i.drv_adc_Init      drv_adc.o
    0x00000d18   0x000001d8   Code   RO          157    i.drv_gpio_Init     drv_gpio.o
    0x00000ef0   0x0000002c   Code   RO          161    i.drv_gpio_TogglePin  drv_gpio.o
    0x00000f1c   0x00000048   Code   RO          162    i.drv_gpio_WritePin  drv_gpio.o
    0x00000f64   0x000000fc   Code   RO          220    i.drv_pit_Init      drv_pit.o
    0x00001060   0x00000020   Code   RO          364    i.drv_rcc_ClockCmd  drv_rcc.o
    0x00001080   0x00000048   Code   RO          286    i.drv_uart_Cmd      drv_uart.o
    0x000010c8   0x000000b8   Code   RO          290    i.drv_uart_Init     drv_uart.o
    0x00001180   0x00000068   Code   RO          292    i.drv_uart_SelectChannle  drv_uart.o
    0x000011e8   0x00000048   Code   RO            3    i.main              main.o
    0x00001230   0x0000000a   Code   RO            5    i.test_Led2Test     main.o
    0x0000123a   0x00000002   PAD
    0x0000123c   0x0000000c   Data   RO          163    .constdata          drv_gpio.o
    0x00001248   0x00000020   Data   RO         1571    Region$$Table       anon$$obj.o


    Execution Region RW_IRAM1 (Base: 0x1ffff000, Size: 0x00000758, Max: 0x00004000, ABSOLUTE)

    Base Addr    Size         Type   Attr      Idx    E Section Name        Object

    0x1ffff000   0x0000000c   Data   RW          127    .data               system_skeaz1284.o
    0x1ffff00c   0x00000008   Data   RW          223    .data               drv_pit.o
    0x1ffff014   0x00000001   Data   RW          391    .data               drv_adc.o
    0x1ffff015   0x00000005   Data   RW          620    .data               drv_kbi.o
    0x1ffff01a   0x00000002   PAD
    0x1ffff01c   0x0000000c   Data   RW          850    .data               bsp_timer.o
    0x1ffff028   0x00000090   Zero   RW          390    .bss                drv_adc.o
    0x1ffff0b8   0x000002b8   Zero   RW          618    .bss                drv_kbi.o
    0x1ffff370   0x00000228   Zero   RW          746    .bss                bsp_uart.o
    0x1ffff598   0x00000060   Zero   RW          849    .bss                bsp_timer.o
    0x1ffff5f8   0x00000060   Zero   RW         1443    .bss                c_p.l(libspace.o)
    0x1ffff658   0x00000000   Zero   RW          114    HEAP                startup_skeaz1284.o
    0x1ffff658   0x00000100   Zero   RW          113    STACK               startup_skeaz1284.o


==============================================================================

Image component sizes


      Code (inc. data)   RO Data    RW Data    ZI Data      Debug   Object Name

        22          0          0          0          0        429   bsp.o
       216          0          0          0          0       1568   bsp_led.o
       582          0          0          0          0       2781   bsp_oled.o
       550         64          0         12         96      10316   bsp_timer.o
       156         30          0          0        552       4030   bsp_uart.o
       372         28          0          1        144       7701   drv_adc.o
       588         24         12          0          0       2621   drv_gpio.o
       200         28          0          5        696       4615   drv_kbi.o
       496         54          0          8          0       8617   drv_pit.o
        32          4          0          0          0        503   drv_rcc.o
       364         52          0          0          0       2930   drv_uart.o
        82          4          0          0          0     117783   main.o
        80         44        192          0        256        860   startup_skeaz1284.o
       124         34          0         12          0        811   system_skeaz1284.o

    ----------------------------------------------------------------------
      3868        366        236         40       1744     165565   Object Totals
         0          0         32          0          0          0   (incl. Generated)
         4          0          0          2          0          0   (incl. Padding)

    ----------------------------------------------------------------------

      Code (inc. data)   RO Data    RW Data    ZI Data      Debug   Library Member Name

         8          0          0          0          0         68   __main.o
         0          0          0          0          0          0   __rtentry.o
        12          0          0          0          0          0   __rtentry2.o
         6          0          0          0          0          0   __rtentry4.o
        60          8          0          0          0          0   __scatter.o
        26          0          0          0          0          0   __scatter_copy.o
        28          0          0          0          0          0   __scatter_zi.o
       346          0          0          0          0         92   aeabi_sdiv.o
        16          0          0          0          0         68   exit.o
         6          0          0          0          0        136   heapauxi.o
         2          0          0          0          0          0   libinit.o
         2          0          0          0          0          0   libinit2.o
         2          0          0          0          0          0   libshutdown.o
         2          0          0          0          0          0   libshutdown2.o
         8          4          0          0         96         68   libspace.o
         2          0          0          0          0          0   rtexit.o
        10          0          0          0          0          0   rtexit2.o
        62          0          0          0          0         80   sys_stackheap_outer.o
         2          0          0          0          0         68   use_no_semi.o
         2          0          0          0          0         68   use_no_semi_2.o

    ----------------------------------------------------------------------
       608         12          0          0         96        648   Library Totals
         6          0          0          0          0          0   (incl. Padding)

    ----------------------------------------------------------------------

      Code (inc. data)   RO Data    RW Data    ZI Data      Debug   Library Name

       602         12          0          0         96        648   c_p.l

    ----------------------------------------------------------------------
       608         12          0          0         96        648   Library Totals

    ----------------------------------------------------------------------

==============================================================================


      Code (inc. data)   RO Data    RW Data    ZI Data      Debug   

      4476        378        236         40       1840     164433   Grand Totals
      4476        378        236         40       1840     164433   ELF Image Totals
      4476        378        236         40          0          0   ROM Totals

==============================================================================

    Total RO  Size (Code + RO Data)                 4712 (   4.60kB)
    Total RW  Size (RW Data + ZI Data)              1880 (   1.84kB)
    Total ROM Size (Code + RO Data + RW Data)       4752 (   4.64kB)

==============================================================================

