<html>
<body>
<pre>
<h1>礦ision Build Log</h1>
<h2>Tool Versions:</h2>
IDE-Version: μVision V5.21.1.0
Copyright (C) 2016 ARM Ltd and ARM Germany GmbH. All rights reserved.
License Information: 1 1, 1, LIC=47GGK-ZE1S3-Q01NJ-U7HKU-P01QR-5NNXT
 
Tool Versions:
Toolchain:       MDK-ARM Plus  Version: 5.21a
Toolchain Path:  C:\Keil_v5\ARM\ARMCC\Bin
C Compiler:      Armcc.exe V5.06 update 3 (build 300)
Assembler:       Armasm.exe V5.06 update 3 (build 300)
Linker/Locator:  ArmLink.exe V5.06 update 3 (build 300)
Library Manager: ArmAr.exe V5.06 update 3 (build 300)
Hex Converter:   FromElf.exe V5.06 update 3 (build 300)
CPU DLL:         SARMCM3.DLL V5.21a
Dialog DLL:      DARMCM1.DLL V1.14.0.0
Target DLL:      STLink\ST-LINKIII-KEIL_SWO.dll V2.0.18.0
Dialog DLL:      TARMCM1.DLL V1.10.0.0
 
<h2>Project:</h2>
E:\学习资料\单片机\KEA128\程序\驱动调试\USER\DRV.uvprojx
Project File Date:  02/12/2018

<h2>Output:</h2>
*** Using Compiler 'V5.06 update 3 (build 300)', folder: 'C:\Keil_v5\ARM\ARMCC\Bin'
Build target 'DRV'
compiling drv_gpio.c...
compiling main.c...
compiling drv_pit.c...
compiling drv_adc.c...
compiling drv_uart.c...
compiling drv_rcc.c...
compiling drv_ftm.c...
compiling bsp_led.c...
compiling bsp_uart.c...
compiling bsp_timer.c...
compiling bsp_key.c...
linking...
Program Size: Code=7460 RO-data=740 RW-data=32 ZI-data=1496  
FromELF: creating hex file...
".\Objects\LED.axf" - 0 Error(s), 0 Warning(s).

<h2>Collection of Component include folders:</h2>
  E:\学习资料\单片机\KEA128\程序\驱动调试\USER\RTE
  D:\KeilPack\Keil\Kinetis_KEAxx_DFP\1.3.0\Device\Include

<h2>Collection of Component Files used:</h2>
Build Time Elapsed:  00:00:03
</pre>
</body>
</html>
